
Allocating common symbols
Common symbol       size              file

bss_var             0x3               main.o

Memory Configuration

Name             Origin             Length             Attributes
flash            0x08000000         0x00020000
sram             0x20000000         0x00005000
*default*        0x00000000         0xffffffff

Linker script and memory map


.text           0x08000000      0x1a4
 *(.vectors*)
 .vectors       0x08000000       0x18 startup.o
                0x08000000                vectors
 *(.text*)
 .text          0x08000018       0x80 main.o
                0x08000018                main
 .text          0x08000098      0x10c startup.o
                0x08000098                Bus_Fault_Handler
                0x08000098                MM_Fault_Handler
                0x08000098                Default_handler
                0x08000098                Usage_Fault_Handler
                0x08000098                voidH_Fault_Handler
                0x08000098                NMI_Handler
                0x080000a8                _reset_handler
 *(.rodata*)
                0x080001a4                E_TEXT = .

.glue_7         0x080001a4        0x0
 .glue_7        0x00000000        0x0 linker stubs

.glue_7t        0x080001a4        0x0
 .glue_7t       0x00000000        0x0 linker stubs

.vfp11_veneer   0x080001a4        0x0
 .vfp11_veneer  0x00000000        0x0 linker stubs

.v4_bx          0x080001a4        0x0
 .v4_bx         0x00000000        0x0 linker stubs

.iplt           0x080001a4        0x0
 .iplt          0x00000000        0x0 main.o

.rel.dyn        0x080001a4        0x0
 .rel.iplt      0x00000000        0x0 main.o

.data           0x20000000        0x8 load address 0x080001a4
                0x20000000                S_DATA = .
 *(.data*)
 .data          0x20000000        0x8 main.o
                0x20000000                data_var
                0x20000004                ODR_R
 .data          0x20000008        0x0 startup.o
                0x20000008                E_DATA = .

.igot.plt       0x20000008        0x0 load address 0x080001ac
 .igot.plt      0x00000000        0x0 main.o

.bss            0x20000008     0x1003 load address 0x080001ac
                0x20000008                S_bss = .
 *(.bss*)
 .bss           0x20000008        0x0 main.o
 .bss           0x20000008        0x0 startup.o
                0x20000008                E_bss = .
                0x20001008                . = (. + 0x1000)
 *fill*         0x20000008     0x1000 
                0x20001008                _stack_top = .
 COMMON         0x20001008        0x3 main.o
                0x20001008                bss_var
LOAD main.o
LOAD startup.o
OUTPUT(application.elf elf32-littlearm)

.debug_info     0x00000000      0x2aa
 .debug_info    0x00000000      0x143 main.o
 .debug_info    0x00000143      0x167 startup.o

.debug_abbrev   0x00000000      0x18d
 .debug_abbrev  0x00000000       0xcd main.o
 .debug_abbrev  0x000000cd       0xc0 startup.o

.debug_loc      0x00000000       0x84
 .debug_loc     0x00000000       0x2c main.o
 .debug_loc     0x0000002c       0x58 startup.o

.debug_aranges  0x00000000       0x40
 .debug_aranges
                0x00000000       0x20 main.o
 .debug_aranges
                0x00000020       0x20 startup.o

.debug_line     0x00000000       0xf8
 .debug_line    0x00000000       0x48 main.o
 .debug_line    0x00000048       0xb0 startup.o

.debug_str      0x00000000      0x180
 .debug_str     0x00000000       0xf9 main.o
                                0x12d (size before relaxing)
 .debug_str     0x000000f9       0x87 startup.o
                                0x164 (size before relaxing)

.comment        0x00000000       0x11
 .comment       0x00000000       0x11 main.o
                                 0x12 (size before relaxing)
 .comment       0x00000000       0x12 startup.o

.ARM.attributes
                0x00000000       0x32
 .ARM.attributes
                0x00000000       0x32 main.o
 .ARM.attributes
                0x00000032       0x32 startup.o

.debug_frame    0x00000000       0x70
 .debug_frame   0x00000000       0x28 main.o
 .debug_frame   0x00000028       0x48 startup.o
