18:32:09 **** Incremental Build of configuration Debug for project Drivers ****
make -j8 all 
arm-none-eabi-gcc -gdwarf-2 "../MCAL_STM32F103C6/EXTI.c" -mcpu=cortex-m3 -std=gnu11 -g3 -DSTM32 -DSTM32F1 -DSTM32F103C6Tx -DDEBUG -c -I"F:/Learn_in_Depth Course/Diploma_Repo/STM32/STM32/Drivers/HAL/KeyPad_DRIVER/includes" -I"F:/Learn_in_Depth Course/Diploma_Repo/STM32/STM32/Drivers/HAL/LCD_DRIVER/includes" -I"F:/Learn_in_Depth Course/Diploma_Repo/STM32/STM32/Drivers/MCAL_STM32F103C6/includes" -I../Inc -O0 -ffunction-sections -fdata-sections -Wall -fstack-usage -MMD -MP -MF"MCAL_STM32F103C6/EXTI.d" -MT"MCAL_STM32F103C6/EXTI.o" --specs=nano.specs -mfloat-abi=soft -mthumb -o "MCAL_STM32F103C6/EXTI.o"
arm-none-eabi-gcc -gdwarf-2 -o "Drivers.elf" @"objects.list"   -mcpu=cortex-m3 -T"F:\Learn_in_Depth Course\Diploma_Repo\STM32\STM32\Drivers\STM32F103C6TX_FLASH.ld" --specs=nosys.specs -Wl,-Map="Drivers.map" -Wl,--gc-sections -static --specs=nano.specs -mfloat-abi=soft -mthumb -Wl,--start-group -lc -lm -Wl,--end-group
Finished building target: Drivers.elf
 
arm-none-eabi-objdump -h -S  Drivers.elf  > "Drivers.list"
arm-none-eabi-objcopy  -O binary  Drivers.elf  "Drivers.bin"
arm-none-eabi-size   Drivers.elf 
   text	   data	    bss	    dec	    hex	filename
   2592	    240	   1632	   4464	   1170	Drivers.elf
Finished building: default.size.stdout
 
Finished building: Drivers.bin
Finished building: Drivers.list
 
 

18:32:10 Build Finished. 0 errors, 0 warnings. (took 750ms)

