08:10:00 **** Build of configuration Debug for project Drivers ****
make -j8 all 
arm-none-eabi-gcc -gdwarf-2 -mcpu=cortex-m3 -g3 -c -x assembler-with-cpp -MMD -MP -MF"Startup/startup_stm32f103c6tx.d" -MT"Startup/startup_stm32f103c6tx.o" --specs=nano.specs -mfloat-abi=soft -mthumb -o "Startup/startup_stm32f103c6tx.o" "../Startup/startup_stm32f103c6tx.s"
arm-none-eabi-gcc -gdwarf-2 "../Src/main.c" -mcpu=cortex-m3 -std=gnu11 -g3 -DSTM32 -DSTM32F1 -DSTM32F103C6Tx -DDEBUG -c -I../Inc -I"F:/Learn_in_Depth Course/Diploma_Repo/STM32/STM32/Drivers/GPIO" -O0 -ffunction-sections -fdata-sections -Wall -fstack-usage -MMD -MP -MF"Src/main.d" -MT"Src/main.o" --specs=nano.specs -mfloat-abi=soft -mthumb -o "Src/main.o"
arm-none-eabi-gcc -gdwarf-2 "../Src/syscalls.c" -mcpu=cortex-m3 -std=gnu11 -g3 -DSTM32 -DSTM32F1 -DSTM32F103C6Tx -DDEBUG -c -I../Inc -I"F:/Learn_in_Depth Course/Diploma_Repo/STM32/STM32/Drivers/GPIO" -O0 -ffunction-sections -fdata-sections -Wall -fstack-usage -MMD -MP -MF"Src/syscalls.d" -MT"Src/syscalls.o" --specs=nano.specs -mfloat-abi=soft -mthumb -o "Src/syscalls.o"
arm-none-eabi-gcc -gdwarf-2 "../Src/sysmem.c" -mcpu=cortex-m3 -std=gnu11 -g3 -DSTM32 -DSTM32F1 -DSTM32F103C6Tx -DDEBUG -c -I../Inc -I"F:/Learn_in_Depth Course/Diploma_Repo/STM32/STM32/Drivers/GPIO" -O0 -ffunction-sections -fdata-sections -Wall -fstack-usage -MMD -MP -MF"Src/sysmem.d" -MT"Src/sysmem.o" --specs=nano.specs -mfloat-abi=soft -mthumb -o "Src/sysmem.o"
arm-none-eabi-gcc -gdwarf-2 -o "Drivers.elf" @"objects.list"   -mcpu=cortex-m3 -T"F:\Learn_in_Depth Course\Diploma_Repo\STM32\STM32\Drivers\STM32F103C6TX_FLASH.ld" --specs=nosys.specs -Wl,-Map="Drivers.map" -Wl,--gc-sections -static --specs=nano.specs -mfloat-abi=soft -mthumb -Wl,--start-group -lc -lm -Wl,--end-group
Finished building target: Drivers.elf
 
arm-none-eabi-size   Drivers.elf 
arm-none-eabi-objdump -h -S  Drivers.elf  > "Drivers.list"
arm-none-eabi-objcopy  -O binary  Drivers.elf  "Drivers.bin"
   text	   data	    bss	    dec	    hex	filename
    556	      8	   1568	   2132	    854	Drivers.elf
Finished building: default.size.stdout
 
Finished building: Drivers.bin
 
Finished building: Drivers.list
 
09:07:25 **** Incremental Build of configuration Debug for project Drivers ****
make -j8 all 
arm-none-eabi-gcc -gdwarf-2 "../Src/main.c" -mcpu=cortex-m3 -std=gnu11 -g3 -DSTM32 -DSTM32F1 -DSTM32F103C6Tx -DDEBUG -c -I../Inc -I"F:/Learn_in_Depth Course/Diploma_Repo/STM32/STM32/Drivers/GPIO" -O0 -ffunction-sections -fdata-sections -Wall -fstack-usage -MMD -MP -MF"Src/main.d" -MT"Src/main.o" --specs=nano.specs -mfloat-abi=soft -mthumb -o "Src/main.o"
../Src/main.c: In function 'main':
../Src/main.c:43:24: error: 'PINB1' undeclared (first use in this function)
  MCAL_GPIO_Init(GPIOB ,PINB1);
                        ^~~~~
../Src/main.c:43:24: note: each undeclared identifier is reported only once for each function it appears in
../Src/main.c:44:24: error: 'PINB12' undeclared (first use in this function); did you mean 'PINB1'?
  MCAL_GPIO_Init(GPIOB ,PINB12);
                        ^~~~~~
                        PINB1
../Src/main.c:45:24: error: 'PINA1' undeclared (first use in this function); did you mean 'PINB1'?
  MCAL_GPIO_Init(GPIOA ,PINA1);
                        ^~~~~
                        PINB1
../Src/main.c:46:24: error: 'PINA13' undeclared (first use in this function); did you mean 'PINA1'?
  MCAL_GPIO_Init(GPIOA ,PINA13);
                        ^~~~~~
                        PINA1
In file included from ../Src/main.c:22:0:
F:/Learn_in_Depth Course/Diploma_Repo/STM32/STM32/Drivers/GPIO/GPIO.h:32:20: warning: large integer implicitly truncated to unsigned type [-Woverflow]
 #define GPIO_PIN13 ((uint16_t)0x2000)
                    ^
../Src/main.c:59:30: note: in expansion of macro 'GPIO_PIN13'
    MCAL_GPIO_TogglePin(GPIOB,GPIO_PIN13);
                              ^~~~~~~~~~
make: *** [Src/subdir.mk:24: Src/main.o] Error 1
"make -j8 all" terminated with exit code 2. Build might be incomplete.
09:09:54 **** Incremental Build of configuration Debug for project Drivers ****
make -j8 all 
arm-none-eabi-gcc -gdwarf-2 "../Src/main.c" -mcpu=cortex-m3 -std=gnu11 -g3 -DSTM32 -DSTM32F1 -DSTM32F103C6Tx -DDEBUG -c -I../Inc -I"F:/Learn_in_Depth Course/Diploma_Repo/STM32/STM32/Drivers/GPIO" -O0 -ffunction-sections -fdata-sections -Wall -fstack-usage -MMD -MP -MF"Src/main.d" -MT"Src/main.o" --specs=nano.specs -mfloat-abi=soft -mthumb -o "Src/main.o"
../Src/main.c: In function 'main':
../Src/main.c:50:24: error: incompatible type for argument 2 of 'MCAL_GPIO_Init'
  MCAL_GPIO_Init(GPIOB ,PINB1);
                        ^~~~~
In file included from ../Src/main.c:22:0:
F:/Learn_in_Depth Course/Diploma_Repo/STM32/STM32/Drivers/GPIO/GPIO.h:87:6: note: expected 'GPIO_Pinconfig_t * {aka struct <anonymous> *}' but argument is of type 'GPIO_Pinconfig_t {aka struct <anonymous>}'
 void MCAL_GPIO_Init(GPIOx_t *GPIOx, GPIO_Pinconfig_t *PinConfig);
      ^~~~~~~~~~~~~~
../Src/main.c:51:24: error: 'PINB12' undeclared (first use in this function); did you mean 'PINB13'?
  MCAL_GPIO_Init(GPIOB ,PINB12);
                        ^~~~~~
                        PINB13
../Src/main.c:51:24: note: each undeclared identifier is reported only once for each function it appears in
../Src/main.c:52:24: error: incompatible type for argument 2 of 'MCAL_GPIO_Init'
  MCAL_GPIO_Init(GPIOA ,PINA1);
                        ^~~~~
In file included from ../Src/main.c:22:0:
F:/Learn_in_Depth Course/Diploma_Repo/STM32/STM32/Drivers/GPIO/GPIO.h:87:6: note: expected 'GPIO_Pinconfig_t * {aka struct <anonymous> *}' but argument is of type 'GPIO_Pinconfig_t {aka struct <anonymous>}'
 void MCAL_GPIO_Init(GPIOx_t *GPIOx, GPIO_Pinconfig_t *PinConfig);
      ^~~~~~~~~~~~~~
../Src/main.c:53:24: error: incompatible type for argument 2 of 'MCAL_GPIO_Init'
  MCAL_GPIO_Init(GPIOA ,PINA13);
                        ^~~~~~
In file included from ../Src/main.c:22:0:
F:/Learn_in_Depth Course/Diploma_Repo/STM32/STM32/Drivers/GPIO/GPIO.h:87:6: note: expected 'GPIO_Pinconfig_t * {aka struct <anonymous> *}' but argument is of type 'GPIO_Pinconfig_t {aka struct <anonymous>}'
 void MCAL_GPIO_Init(GPIOx_t *GPIOx, GPIO_Pinconfig_t *PinConfig);
      ^~~~~~~~~~~~~~
F:/Learn_in_Depth Course/Diploma_Repo/STM32/STM32/Drivers/GPIO/GPIO.h:32:20: warning: large integer implicitly truncated to unsigned type [-Woverflow]
 #define GPIO_PIN13 ((uint16_t)0x2000)
                    ^
../Src/main.c:66:30: note: in expansion of macro 'GPIO_PIN13'
    MCAL_GPIO_TogglePin(GPIOB,GPIO_PIN13);
                              ^~~~~~~~~~
../Src/main.c:48:19: warning: unused variable 'PINB13' [-Wunused-variable]
  GPIO_Pinconfig_t PINB13 = {GPIO_PIN13, GPIO_MODE_OUTPUT_OD, GPIO_SPEED_10M};
                   ^~~~~~
make: *** [Src/subdir.mk:24: Src/main.o] Error 1
"make -j8 all" terminated with exit code 2. Build might be incomplete.
09:10:31 **** Incremental Build of configuration Debug for project Drivers ****
make -j8 all 
arm-none-eabi-gcc -gdwarf-2 "../Src/main.c" -mcpu=cortex-m3 -std=gnu11 -g3 -DSTM32 -DSTM32F1 -DSTM32F103C6Tx -DDEBUG -c -I../Inc -I"F:/Learn_in_Depth Course/Diploma_Repo/STM32/STM32/Drivers/GPIO" -O0 -ffunction-sections -fdata-sections -Wall -fstack-usage -MMD -MP -MF"Src/main.d" -MT"Src/main.o" --specs=nano.specs -mfloat-abi=soft -mthumb -o "Src/main.o"
../Src/main.c: In function 'main':
../Src/main.c:50:24: error: incompatible type for argument 2 of 'MCAL_GPIO_Init'
  MCAL_GPIO_Init(GPIOB ,PINB1);
                        ^~~~~
In file included from ../Src/main.c:22:0:
F:/Learn_in_Depth Course/Diploma_Repo/STM32/STM32/Drivers/GPIO/GPIO.h:87:6: note: expected 'GPIO_Pinconfig_t * {aka struct <anonymous> *}' but argument is of type 'GPIO_Pinconfig_t {aka struct <anonymous>}'
 void MCAL_GPIO_Init(GPIOx_t *GPIOx, GPIO_Pinconfig_t *PinConfig);
      ^~~~~~~~~~~~~~
../Src/main.c:51:24: error: incompatible type for argument 2 of 'MCAL_GPIO_Init'
  MCAL_GPIO_Init(GPIOB ,PINB13);
                        ^~~~~~
In file included from ../Src/main.c:22:0:
F:/Learn_in_Depth Course/Diploma_Repo/STM32/STM32/Drivers/GPIO/GPIO.h:87:6: note: expected 'GPIO_Pinconfig_t * {aka struct <anonymous> *}' but argument is of type 'GPIO_Pinconfig_t {aka struct <anonymous>}'
 void MCAL_GPIO_Init(GPIOx_t *GPIOx, GPIO_Pinconfig_t *PinConfig);
      ^~~~~~~~~~~~~~
../Src/main.c:52:24: error: incompatible type for argument 2 of 'MCAL_GPIO_Init'
  MCAL_GPIO_Init(GPIOA ,PINA1);
                        ^~~~~
In file included from ../Src/main.c:22:0:
F:/Learn_in_Depth Course/Diploma_Repo/STM32/STM32/Drivers/GPIO/GPIO.h:87:6: note: expected 'GPIO_Pinconfig_t * {aka struct <anonymous> *}' but argument is of type 'GPIO_Pinconfig_t {aka struct <anonymous>}'
 void MCAL_GPIO_Init(GPIOx_t *GPIOx, GPIO_Pinconfig_t *PinConfig);
      ^~~~~~~~~~~~~~
../Src/main.c:53:24: error: incompatible type for argument 2 of 'MCAL_GPIO_Init'
  MCAL_GPIO_Init(GPIOA ,PINA13);
                        ^~~~~~
In file included from ../Src/main.c:22:0:
F:/Learn_in_Depth Course/Diploma_Repo/STM32/STM32/Drivers/GPIO/GPIO.h:87:6: note: expected 'GPIO_Pinconfig_t * {aka struct <anonymous> *}' but argument is of type 'GPIO_Pinconfig_t {aka struct <anonymous>}'
 void MCAL_GPIO_Init(GPIOx_t *GPIOx, GPIO_Pinconfig_t *PinConfig);
      ^~~~~~~~~~~~~~
F:/Learn_in_Depth Course/Diploma_Repo/STM32/STM32/Drivers/GPIO/GPIO.h:32:20: warning: large integer implicitly truncated to unsigned type [-Woverflow]
 #define GPIO_PIN13 ((uint16_t)0x2000)
                    ^
../Src/main.c:66:30: note: in expansion of macro 'GPIO_PIN13'
    MCAL_GPIO_TogglePin(GPIOB,GPIO_PIN13);
                              ^~~~~~~~~~
make: *** [Src/subdir.mk:24: Src/main.o] Error 1
"make -j8 all" terminated with exit code 2. Build might be incomplete.
09:11:34 **** Incremental Build of configuration Debug for project Drivers ****
make -j8 all 
arm-none-eabi-gcc -gdwarf-2 "../Src/main.c" -mcpu=cortex-m3 -std=gnu11 -g3 -DSTM32 -DSTM32F1 -DSTM32F103C6Tx -DDEBUG -c -I../Inc -I"F:/Learn_in_Depth Course/Diploma_Repo/STM32/STM32/Drivers/GPIO" -O0 -ffunction-sections -fdata-sections -Wall -fstack-usage -MMD -MP -MF"Src/main.d" -MT"Src/main.o" --specs=nano.specs -mfloat-abi=soft -mthumb -o "Src/main.o"
In file included from ../Src/main.c:22:0:
../Src/main.c: In function 'main':
F:/Learn_in_Depth Course/Diploma_Repo/STM32/STM32/Drivers/GPIO/GPIO.h:32:20: warning: large integer implicitly truncated to unsigned type [-Woverflow]
 #define GPIO_PIN13 ((uint16_t)0x2000)
                    ^
../Src/main.c:67:30: note: in expansion of macro 'GPIO_PIN13'
    MCAL_GPIO_TogglePin(GPIOB,GPIO_PIN13);
                              ^~~~~~~~~~
arm-none-eabi-gcc -gdwarf-2 -o "Drivers.elf" @"objects.list"   -mcpu=cortex-m3 -T"F:\Learn_in_Depth Course\Diploma_Repo\STM32\STM32\Drivers\STM32F103C6TX_FLASH.ld" --specs=nosys.specs -Wl,-Map="Drivers.map" -Wl,--gc-sections -static --specs=nano.specs -mfloat-abi=soft -mthumb -Wl,--start-group -lc -lm -Wl,--end-group
Src/main.o: In function `main':
F:/Learn_in_Depth Course/Diploma_Repo/STM32/STM32/Drivers/Debug/../Src/main.c:51: undefined reference to `MCAL_GPIO_Init'
F:/Learn_in_Depth Course/Diploma_Repo/STM32/STM32/Drivers/Debug/../Src/main.c:52: undefined reference to `MCAL_GPIO_Init'
F:/Learn_in_Depth Course/Diploma_Repo/STM32/STM32/Drivers/Debug/../Src/main.c:53: undefined reference to `MCAL_GPIO_Init'
F:/Learn_in_Depth Course/Diploma_Repo/STM32/STM32/Drivers/Debug/../Src/main.c:54: undefined reference to `MCAL_GPIO_Init'
F:/Learn_in_Depth Course/Diploma_Repo/STM32/STM32/Drivers/Debug/../Src/main.c:58: undefined reference to `MCAL_GPIO_ReadPin'
F:/Learn_in_Depth Course/Diploma_Repo/STM32/STM32/Drivers/Debug/../Src/main.c:61: undefined reference to `MCAL_GPIO_TogglePin'
F:/Learn_in_Depth Course/Diploma_Repo/STM32/STM32/Drivers/Debug/../Src/main.c:62: undefined reference to `MCAL_GPIO_ReadPin'
F:/Learn_in_Depth Course/Diploma_Repo/STM32/STM32/Drivers/Debug/../Src/main.c:64: undefined reference to `MCAL_GPIO_ReadPin'
F:/Learn_in_Depth Course/Diploma_Repo/STM32/STM32/Drivers/Debug/../Src/main.c:67: undefined reference to `MCAL_GPIO_TogglePin'
collect2.exe: error: ld returned 1 exit status
make: *** [makefile:49: Drivers.elf] Error 1
"make -j8 all" terminated with exit code 2. Build might be incomplete.
09:11:54 **** Incremental Build of configuration Debug for project Drivers ****
make -j8 all 
arm-none-eabi-gcc -gdwarf-2 "../Src/main.c" -mcpu=cortex-m3 -std=gnu11 -g3 -DSTM32 -DSTM32F1 -DSTM32F103C6Tx -DDEBUG -c -I../Inc -I"F:/Learn_in_Depth Course/Diploma_Repo/STM32/STM32/Drivers/GPIO" -O0 -ffunction-sections -fdata-sections -Wall -fstack-usage -MMD -MP -MF"Src/main.d" -MT"Src/main.o" --specs=nano.specs -mfloat-abi=soft -mthumb -o "Src/main.o"
../Src/main.c: In function 'main':
../Src/main.c:52:24: error: incompatible type for argument 2 of 'MCAL_GPIO_Init'
  MCAL_GPIO_Init(GPIOB ,PINB13);
                        ^~~~~~
In file included from ../Src/main.c:22:0:
F:/Learn_in_Depth Course/Diploma_Repo/STM32/STM32/Drivers/GPIO/GPIO.h:87:6: note: expected 'GPIO_Pinconfig_t * {aka struct <anonymous> *}' but argument is of type 'GPIO_Pinconfig_t {aka struct <anonymous>}'
 void MCAL_GPIO_Init(GPIOx_t *GPIOx, GPIO_Pinconfig_t *PinConfig);
      ^~~~~~~~~~~~~~
../Src/main.c:53:24: error: incompatible type for argument 2 of 'MCAL_GPIO_Init'
  MCAL_GPIO_Init(GPIOA ,PINA1);
                        ^~~~~
In file included from ../Src/main.c:22:0:
F:/Learn_in_Depth Course/Diploma_Repo/STM32/STM32/Drivers/GPIO/GPIO.h:87:6: note: expected 'GPIO_Pinconfig_t * {aka struct <anonymous> *}' but argument is of type 'GPIO_Pinconfig_t {aka struct <anonymous>}'
 void MCAL_GPIO_Init(GPIOx_t *GPIOx, GPIO_Pinconfig_t *PinConfig);
      ^~~~~~~~~~~~~~
../Src/main.c:54:24: error: incompatible type for argument 2 of 'MCAL_GPIO_Init'
  MCAL_GPIO_Init(GPIOA ,PINA13);
                        ^~~~~~
In file included from ../Src/main.c:22:0:
F:/Learn_in_Depth Course/Diploma_Repo/STM32/STM32/Drivers/GPIO/GPIO.h:87:6: note: expected 'GPIO_Pinconfig_t * {aka struct <anonymous> *}' but argument is of type 'GPIO_Pinconfig_t {aka struct <anonymous>}'
 void MCAL_GPIO_Init(GPIOx_t *GPIOx, GPIO_Pinconfig_t *PinConfig);
      ^~~~~~~~~~~~~~
F:/Learn_in_Depth Course/Diploma_Repo/STM32/STM32/Drivers/GPIO/GPIO.h:32:20: warning: large integer implicitly truncated to unsigned type [-Woverflow]
 #define GPIO_PIN13 ((uint16_t)0x2000)
                    ^
../Src/main.c:67:30: note: in expansion of macro 'GPIO_PIN13'
    MCAL_GPIO_TogglePin(GPIOB,GPIO_PIN13);
                              ^~~~~~~~~~
make: *** [Src/subdir.mk:24: Src/main.o] Error 1
"make -j8 all" terminated with exit code 2. Build might be incomplete.
09:12:18 **** Incremental Build of configuration Debug for project Drivers ****
make -j8 all 
arm-none-eabi-gcc -gdwarf-2 "../Src/main.c" -mcpu=cortex-m3 -std=gnu11 -g3 -DSTM32 -DSTM32F1 -DSTM32F103C6Tx -DDEBUG -c -I../Inc -I"F:/Learn_in_Depth Course/Diploma_Repo/STM32/STM32/Drivers/GPIO" -O0 -ffunction-sections -fdata-sections -Wall -fstack-usage -MMD -MP -MF"Src/main.d" -MT"Src/main.o" --specs=nano.specs -mfloat-abi=soft -mthumb -o "Src/main.o"
In file included from ../Src/main.c:22:0:
../Src/main.c: In function 'main':
F:/Learn_in_Depth Course/Diploma_Repo/STM32/STM32/Drivers/GPIO/GPIO.h:32:20: warning: large integer implicitly truncated to unsigned type [-Woverflow]
 #define GPIO_PIN13 ((uint16_t)0x2000)
                    ^
../Src/main.c:67:30: note: in expansion of macro 'GPIO_PIN13'
    MCAL_GPIO_TogglePin(GPIOB,GPIO_PIN13);
                              ^~~~~~~~~~
arm-none-eabi-gcc -gdwarf-2 -o "Drivers.elf" @"objects.list"   -mcpu=cortex-m3 -T"F:\Learn_in_Depth Course\Diploma_Repo\STM32\STM32\Drivers\STM32F103C6TX_FLASH.ld" --specs=nosys.specs -Wl,-Map="Drivers.map" -Wl,--gc-sections -static --specs=nano.specs -mfloat-abi=soft -mthumb -Wl,--start-group -lc -lm -Wl,--end-group
Src/main.o: In function `main':
F:/Learn_in_Depth Course/Diploma_Repo/STM32/STM32/Drivers/Debug/../Src/main.c:51: undefined reference to `MCAL_GPIO_Init'
F:/Learn_in_Depth Course/Diploma_Repo/STM32/STM32/Drivers/Debug/../Src/main.c:52: undefined reference to `MCAL_GPIO_Init'
F:/Learn_in_Depth Course/Diploma_Repo/STM32/STM32/Drivers/Debug/../Src/main.c:53: undefined reference to `MCAL_GPIO_Init'
F:/Learn_in_Depth Course/Diploma_Repo/STM32/STM32/Drivers/Debug/../Src/main.c:54: undefined reference to `MCAL_GPIO_Init'
F:/Learn_in_Depth Course/Diploma_Repo/STM32/STM32/Drivers/Debug/../Src/main.c:58: undefined reference to `MCAL_GPIO_ReadPin'
F:/Learn_in_Depth Course/Diploma_Repo/STM32/STM32/Drivers/Debug/../Src/main.c:61: undefined reference to `MCAL_GPIO_TogglePin'
F:/Learn_in_Depth Course/Diploma_Repo/STM32/STM32/Drivers/Debug/../Src/main.c:62: undefined reference to `MCAL_GPIO_ReadPin'
F:/Learn_in_Depth Course/Diploma_Repo/STM32/STM32/Drivers/Debug/../Src/main.c:64: undefined reference to `MCAL_GPIO_ReadPin'
F:/Learn_in_Depth Course/Diploma_Repo/STM32/STM32/Drivers/Debug/../Src/main.c:67: undefined reference to `MCAL_GPIO_TogglePin'
collect2.exe: error: ld returned 1 exit status
make: *** [makefile:49: Drivers.elf] Error 1
"make -j8 all" terminated with exit code 2. Build might be incomplete.
09:13:39 **** Incremental Build of configuration Debug for project Drivers ****
make -j8 all 
arm-none-eabi-gcc -gdwarf-2 "../Src/main.c" -mcpu=cortex-m3 -std=gnu11 -g3 -DSTM32 -DSTM32F1 -DSTM32F103C6Tx -DDEBUG -c -I../Inc -I"F:/Learn_in_Depth Course/Diploma_Repo/STM32/STM32/Drivers/GPIO" -O0 -ffunction-sections -fdata-sections -Wall -fstack-usage -MMD -MP -MF"Src/main.d" -MT"Src/main.o" --specs=nano.specs -mfloat-abi=soft -mthumb -o "Src/main.o"
../Src/main.c: In function 'main':
../Src/main.c:51:24: error: incompatible type for argument 2 of 'MCAL_GPIO_Init'
  MCAL_GPIO_Init(GPIOB ,PINB1);
                        ^~~~~
In file included from ../Src/main.c:22:0:
F:/Learn_in_Depth Course/Diploma_Repo/STM32/STM32/Drivers/GPIO/GPIO.h:87:6: note: expected 'GPIO_Pinconfig_t * {aka struct <anonymous> *}' but argument is of type 'GPIO_Pinconfig_t {aka struct <anonymous>}'
 void MCAL_GPIO_Init(GPIOx_t *GPIOx, GPIO_Pinconfig_t *PinConfig);
      ^~~~~~~~~~~~~~
../Src/main.c:52:24: error: incompatible type for argument 2 of 'MCAL_GPIO_Init'
  MCAL_GPIO_Init(GPIOB ,PINB13);
                        ^~~~~~
In file included from ../Src/main.c:22:0:
F:/Learn_in_Depth Course/Diploma_Repo/STM32/STM32/Drivers/GPIO/GPIO.h:87:6: note: expected 'GPIO_Pinconfig_t * {aka struct <anonymous> *}' but argument is of type 'GPIO_Pinconfig_t {aka struct <anonymous>}'
 void MCAL_GPIO_Init(GPIOx_t *GPIOx, GPIO_Pinconfig_t *PinConfig);
      ^~~~~~~~~~~~~~
../Src/main.c:53:24: error: incompatible type for argument 2 of 'MCAL_GPIO_Init'
  MCAL_GPIO_Init(GPIOA ,PINA1);
                        ^~~~~
In file included from ../Src/main.c:22:0:
F:/Learn_in_Depth Course/Diploma_Repo/STM32/STM32/Drivers/GPIO/GPIO.h:87:6: note: expected 'GPIO_Pinconfig_t * {aka struct <anonymous> *}' but argument is of type 'GPIO_Pinconfig_t {aka struct <anonymous>}'
 void MCAL_GPIO_Init(GPIOx_t *GPIOx, GPIO_Pinconfig_t *PinConfig);
      ^~~~~~~~~~~~~~
../Src/main.c:54:24: error: incompatible type for argument 2 of 'MCAL_GPIO_Init'
  MCAL_GPIO_Init(GPIOA ,PINA13);
                        ^~~~~~
In file included from ../Src/main.c:22:0:
F:/Learn_in_Depth Course/Diploma_Repo/STM32/STM32/Drivers/GPIO/GPIO.h:87:6: note: expected 'GPIO_Pinconfig_t * {aka struct <anonymous> *}' but argument is of type 'GPIO_Pinconfig_t {aka struct <anonymous>}'
 void MCAL_GPIO_Init(GPIOx_t *GPIOx, GPIO_Pinconfig_t *PinConfig);
      ^~~~~~~~~~~~~~
F:/Learn_in_Depth Course/Diploma_Repo/STM32/STM32/Drivers/GPIO/GPIO.h:32:20: warning: large integer implicitly truncated to unsigned type [-Woverflow]
 #define GPIO_PIN13 ((uint16_t)0x2000)
                    ^
../Src/main.c:67:30: note: in expansion of macro 'GPIO_PIN13'
    MCAL_GPIO_TogglePin(GPIOB,GPIO_PIN13);
                              ^~~~~~~~~~
make: *** [Src/subdir.mk:24: Src/main.o] Error 1
"make -j8 all" terminated with exit code 2. Build might be incomplete.
09:13:50 **** Incremental Build of configuration Debug for project Drivers ****
make -j8 all 
arm-none-eabi-gcc -gdwarf-2 "../Src/main.c" -mcpu=cortex-m3 -std=gnu11 -g3 -DSTM32 -DSTM32F1 -DSTM32F103C6Tx -DDEBUG -c -I../Inc -I"F:/Learn_in_Depth Course/Diploma_Repo/STM32/STM32/Drivers/GPIO" -O0 -ffunction-sections -fdata-sections -Wall -fstack-usage -MMD -MP -MF"Src/main.d" -MT"Src/main.o" --specs=nano.specs -mfloat-abi=soft -mthumb -o "Src/main.o"
../Src/main.c: In function 'main':
../Src/main.c:52:24: error: incompatible type for argument 2 of 'MCAL_GPIO_Init'
  MCAL_GPIO_Init(GPIOB ,PINB13);
                        ^~~~~~
In file included from ../Src/main.c:22:0:
F:/Learn_in_Depth Course/Diploma_Repo/STM32/STM32/Drivers/GPIO/GPIO.h:87:6: note: expected 'GPIO_Pinconfig_t * {aka struct <anonymous> *}' but argument is of type 'GPIO_Pinconfig_t {aka struct <anonymous>}'
 void MCAL_GPIO_Init(GPIOx_t *GPIOx, GPIO_Pinconfig_t *PinConfig);
      ^~~~~~~~~~~~~~
../Src/main.c:53:24: error: incompatible type for argument 2 of 'MCAL_GPIO_Init'
  MCAL_GPIO_Init(GPIOA ,PINA1);
                        ^~~~~
In file included from ../Src/main.c:22:0:
F:/Learn_in_Depth Course/Diploma_Repo/STM32/STM32/Drivers/GPIO/GPIO.h:87:6: note: expected 'GPIO_Pinconfig_t * {aka struct <anonymous> *}' but argument is of type 'GPIO_Pinconfig_t {aka struct <anonymous>}'
 void MCAL_GPIO_Init(GPIOx_t *GPIOx, GPIO_Pinconfig_t *PinConfig);
      ^~~~~~~~~~~~~~
../Src/main.c:54:24: error: incompatible type for argument 2 of 'MCAL_GPIO_Init'
  MCAL_GPIO_Init(GPIOA ,PINA13);
                        ^~~~~~
In file included from ../Src/main.c:22:0:
F:/Learn_in_Depth Course/Diploma_Repo/STM32/STM32/Drivers/GPIO/GPIO.h:87:6: note: expected 'GPIO_Pinconfig_t * {aka struct <anonymous> *}' but argument is of type 'GPIO_Pinconfig_t {aka struct <anonymous>}'
 void MCAL_GPIO_Init(GPIOx_t *GPIOx, GPIO_Pinconfig_t *PinConfig);
      ^~~~~~~~~~~~~~
F:/Learn_in_Depth Course/Diploma_Repo/STM32/STM32/Drivers/GPIO/GPIO.h:32:20: warning: large integer implicitly truncated to unsigned type [-Woverflow]
 #define GPIO_PIN13 ((uint16_t)0x2000)
                    ^
../Src/main.c:67:30: note: in expansion of macro 'GPIO_PIN13'
    MCAL_GPIO_TogglePin(GPIOB,GPIO_PIN13);
                              ^~~~~~~~~~
make: *** [Src/subdir.mk:24: Src/main.o] Error 1
"make -j8 all" terminated with exit code 2. Build might be incomplete.
09:14:00 **** Incremental Build of configuration Debug for project Drivers ****
make -j8 all 
arm-none-eabi-gcc -gdwarf-2 "../Src/main.c" -mcpu=cortex-m3 -std=gnu11 -g3 -DSTM32 -DSTM32F1 -DSTM32F103C6Tx -DDEBUG -c -I../Inc -I"F:/Learn_in_Depth Course/Diploma_Repo/STM32/STM32/Drivers/GPIO" -O0 -ffunction-sections -fdata-sections -Wall -fstack-usage -MMD -MP -MF"Src/main.d" -MT"Src/main.o" --specs=nano.specs -mfloat-abi=soft -mthumb -o "Src/main.o"
../Src/main.c: In function 'main':
../Src/main.c:53:24: error: incompatible type for argument 2 of 'MCAL_GPIO_Init'
  MCAL_GPIO_Init(GPIOA ,PINA1);
                        ^~~~~
In file included from ../Src/main.c:22:0:
F:/Learn_in_Depth Course/Diploma_Repo/STM32/STM32/Drivers/GPIO/GPIO.h:87:6: note: expected 'GPIO_Pinconfig_t * {aka struct <anonymous> *}' but argument is of type 'GPIO_Pinconfig_t {aka struct <anonymous>}'
 void MCAL_GPIO_Init(GPIOx_t *GPIOx, GPIO_Pinconfig_t *PinConfig);
      ^~~~~~~~~~~~~~
../Src/main.c:54:24: error: incompatible type for argument 2 of 'MCAL_GPIO_Init'
  MCAL_GPIO_Init(GPIOA ,PINA13);
                        ^~~~~~
In file included from ../Src/main.c:22:0:
F:/Learn_in_Depth Course/Diploma_Repo/STM32/STM32/Drivers/GPIO/GPIO.h:87:6: note: expected 'GPIO_Pinconfig_t * {aka struct <anonymous> *}' but argument is of type 'GPIO_Pinconfig_t {aka struct <anonymous>}'
 void MCAL_GPIO_Init(GPIOx_t *GPIOx, GPIO_Pinconfig_t *PinConfig);
      ^~~~~~~~~~~~~~
F:/Learn_in_Depth Course/Diploma_Repo/STM32/STM32/Drivers/GPIO/GPIO.h:32:20: warning: large integer implicitly truncated to unsigned type [-Woverflow]
 #define GPIO_PIN13 ((uint16_t)0x2000)
                    ^
../Src/main.c:67:30: note: in expansion of macro 'GPIO_PIN13'
    MCAL_GPIO_TogglePin(GPIOB,GPIO_PIN13);
                              ^~~~~~~~~~
make: *** [Src/subdir.mk:24: Src/main.o] Error 1
"make -j8 all" terminated with exit code 2. Build might be incomplete.
09:14:06 **** Incremental Build of configuration Debug for project Drivers ****
make -j8 all 
arm-none-eabi-gcc -gdwarf-2 "../Src/main.c" -mcpu=cortex-m3 -std=gnu11 -g3 -DSTM32 -DSTM32F1 -DSTM32F103C6Tx -DDEBUG -c -I../Inc -I"F:/Learn_in_Depth Course/Diploma_Repo/STM32/STM32/Drivers/GPIO" -O0 -ffunction-sections -fdata-sections -Wall -fstack-usage -MMD -MP -MF"Src/main.d" -MT"Src/main.o" --specs=nano.specs -mfloat-abi=soft -mthumb -o "Src/main.o"
../Src/main.c: In function 'main':
../Src/main.c:54:24: error: incompatible type for argument 2 of 'MCAL_GPIO_Init'
  MCAL_GPIO_Init(GPIOA ,PINA13);
                        ^~~~~~
In file included from ../Src/main.c:22:0:
F:/Learn_in_Depth Course/Diploma_Repo/STM32/STM32/Drivers/GPIO/GPIO.h:87:6: note: expected 'GPIO_Pinconfig_t * {aka struct <anonymous> *}' but argument is of type 'GPIO_Pinconfig_t {aka struct <anonymous>}'
 void MCAL_GPIO_Init(GPIOx_t *GPIOx, GPIO_Pinconfig_t *PinConfig);
      ^~~~~~~~~~~~~~
F:/Learn_in_Depth Course/Diploma_Repo/STM32/STM32/Drivers/GPIO/GPIO.h:32:20: warning: large integer implicitly truncated to unsigned type [-Woverflow]
 #define GPIO_PIN13 ((uint16_t)0x2000)
                    ^
../Src/main.c:67:30: note: in expansion of macro 'GPIO_PIN13'
    MCAL_GPIO_TogglePin(GPIOB,GPIO_PIN13);
                              ^~~~~~~~~~
make: *** [Src/subdir.mk:24: Src/main.o] Error 1
"make -j8 all" terminated with exit code 2. Build might be incomplete.
09:14:12 **** Incremental Build of configuration Debug for project Drivers ****
make -j8 all 
arm-none-eabi-gcc -gdwarf-2 "../Src/main.c" -mcpu=cortex-m3 -std=gnu11 -g3 -DSTM32 -DSTM32F1 -DSTM32F103C6Tx -DDEBUG -c -I../Inc -I"F:/Learn_in_Depth Course/Diploma_Repo/STM32/STM32/Drivers/GPIO" -O0 -ffunction-sections -fdata-sections -Wall -fstack-usage -MMD -MP -MF"Src/main.d" -MT"Src/main.o" --specs=nano.specs -mfloat-abi=soft -mthumb -o "Src/main.o"
In file included from ../Src/main.c:22:0:
../Src/main.c: In function 'main':
F:/Learn_in_Depth Course/Diploma_Repo/STM32/STM32/Drivers/GPIO/GPIO.h:32:20: warning: large integer implicitly truncated to unsigned type [-Woverflow]
 #define GPIO_PIN13 ((uint16_t)0x2000)
                    ^
../Src/main.c:67:30: note: in expansion of macro 'GPIO_PIN13'
    MCAL_GPIO_TogglePin(GPIOB,GPIO_PIN13);
                              ^~~~~~~~~~
../Src/main.c:47:19: warning: unused variable 'PINA13' [-Wunused-variable]
  GPIO_Pinconfig_t PINA13 = {GPIO_PIN13, GPIO_MODE_INPUT_FLOAT, GPIO_SPEED_RSP};
                   ^~~~~~
arm-none-eabi-gcc -gdwarf-2 -o "Drivers.elf" @"objects.list"   -mcpu=cortex-m3 -T"F:\Learn_in_Depth Course\Diploma_Repo\STM32\STM32\Drivers\STM32F103C6TX_FLASH.ld" --specs=nosys.specs -Wl,-Map="Drivers.map" -Wl,--gc-sections -static --specs=nano.specs -mfloat-abi=soft -mthumb -Wl,--start-group -lc -lm -Wl,--end-group
Src/main.o: In function `main':
F:/Learn_in_Depth Course/Diploma_Repo/STM32/STM32/Drivers/Debug/../Src/main.c:51: undefined reference to `MCAL_GPIO_Init'
F:/Learn_in_Depth Course/Diploma_Repo/STM32/STM32/Drivers/Debug/../Src/main.c:52: undefined reference to `MCAL_GPIO_Init'
F:/Learn_in_Depth Course/Diploma_Repo/STM32/STM32/Drivers/Debug/../Src/main.c:53: undefined reference to `MCAL_GPIO_Init'
F:/Learn_in_Depth Course/Diploma_Repo/STM32/STM32/Drivers/Debug/../Src/main.c:58: undefined reference to `MCAL_GPIO_ReadPin'
F:/Learn_in_Depth Course/Diploma_Repo/STM32/STM32/Drivers/Debug/../Src/main.c:61: undefined reference to `MCAL_GPIO_TogglePin'
F:/Learn_in_Depth Course/Diploma_Repo/STM32/STM32/Drivers/Debug/../Src/main.c:62: undefined reference to `MCAL_GPIO_ReadPin'
F:/Learn_in_Depth Course/Diploma_Repo/STM32/STM32/Drivers/Debug/../Src/main.c:64: undefined reference to `MCAL_GPIO_ReadPin'
F:/Learn_in_Depth Course/Diploma_Repo/STM32/STM32/Drivers/Debug/../Src/main.c:67: undefined reference to `MCAL_GPIO_TogglePin'
collect2.exe: error: ld returned 1 exit status
make: *** [makefile:49: Drivers.elf] Error 1
"make -j8 all" terminated with exit code 2. Build might be incomplete.
09:14:25 **** Incremental Build of configuration Debug for project Drivers ****
make -j8 all 
arm-none-eabi-gcc -gdwarf-2 "../Src/main.c" -mcpu=cortex-m3 -std=gnu11 -g3 -DSTM32 -DSTM32F1 -DSTM32F103C6Tx -DDEBUG -c -I../Inc -I"F:/Learn_in_Depth Course/Diploma_Repo/STM32/STM32/Drivers/GPIO" -O0 -ffunction-sections -fdata-sections -Wall -fstack-usage -MMD -MP -MF"Src/main.d" -MT"Src/main.o" --specs=nano.specs -mfloat-abi=soft -mthumb -o "Src/main.o"
../Src/main.c: In function 'main':
../Src/main.c:54:24: error: incompatible type for argument 2 of 'MCAL_GPIO_Init'
  MCAL_GPIO_Init(GPIOA ,PINA13);
                        ^~~~~~
In file included from ../Src/main.c:22:0:
F:/Learn_in_Depth Course/Diploma_Repo/STM32/STM32/Drivers/GPIO/GPIO.h:87:6: note: expected 'GPIO_Pinconfig_t * {aka struct <anonymous> *}' but argument is of type 'GPIO_Pinconfig_t {aka struct <anonymous>}'
 void MCAL_GPIO_Init(GPIOx_t *GPIOx, GPIO_Pinconfig_t *PinConfig);
      ^~~~~~~~~~~~~~
F:/Learn_in_Depth Course/Diploma_Repo/STM32/STM32/Drivers/GPIO/GPIO.h:32:20: warning: large integer implicitly truncated to unsigned type [-Woverflow]
 #define GPIO_PIN13 ((uint16_t)0x2000)
                    ^
../Src/main.c:67:30: note: in expansion of macro 'GPIO_PIN13'
    MCAL_GPIO_TogglePin(GPIOB,GPIO_PIN13);
                              ^~~~~~~~~~
make: *** [Src/subdir.mk:24: Src/main.o] Error 1
"make -j8 all" terminated with exit code 2. Build might be incomplete.
09:14:32 **** Incremental Build of configuration Debug for project Drivers ****
make -j8 all 
arm-none-eabi-gcc -gdwarf-2 "../Src/main.c" -mcpu=cortex-m3 -std=gnu11 -g3 -DSTM32 -DSTM32F1 -DSTM32F103C6Tx -DDEBUG -c -I../Inc -I"F:/Learn_in_Depth Course/Diploma_Repo/STM32/STM32/Drivers/GPIO" -O0 -ffunction-sections -fdata-sections -Wall -fstack-usage -MMD -MP -MF"Src/main.d" -MT"Src/main.o" --specs=nano.specs -mfloat-abi=soft -mthumb -o "Src/main.o"
In file included from ../Src/main.c:22:0:
../Src/main.c: In function 'main':
F:/Learn_in_Depth Course/Diploma_Repo/STM32/STM32/Drivers/GPIO/GPIO.h:32:20: warning: large integer implicitly truncated to unsigned type [-Woverflow]
 #define GPIO_PIN13 ((uint16_t)0x2000)
                    ^
../Src/main.c:67:30: note: in expansion of macro 'GPIO_PIN13'
    MCAL_GPIO_TogglePin(GPIOB,GPIO_PIN13);
                              ^~~~~~~~~~
arm-none-eabi-gcc -gdwarf-2 -o "Drivers.elf" @"objects.list"   -mcpu=cortex-m3 -T"F:\Learn_in_Depth Course\Diploma_Repo\STM32\STM32\Drivers\STM32F103C6TX_FLASH.ld" --specs=nosys.specs -Wl,-Map="Drivers.map" -Wl,--gc-sections -static --specs=nano.specs -mfloat-abi=soft -mthumb -Wl,--start-group -lc -lm -Wl,--end-group
Src/main.o: In function `main':
F:/Learn_in_Depth Course/Diploma_Repo/STM32/STM32/Drivers/Debug/../Src/main.c:51: undefined reference to `MCAL_GPIO_Init'
F:/Learn_in_Depth Course/Diploma_Repo/STM32/STM32/Drivers/Debug/../Src/main.c:52: undefined reference to `MCAL_GPIO_Init'
F:/Learn_in_Depth Course/Diploma_Repo/STM32/STM32/Drivers/Debug/../Src/main.c:53: undefined reference to `MCAL_GPIO_Init'
F:/Learn_in_Depth Course/Diploma_Repo/STM32/STM32/Drivers/Debug/../Src/main.c:54: undefined reference to `MCAL_GPIO_Init'
F:/Learn_in_Depth Course/Diploma_Repo/STM32/STM32/Drivers/Debug/../Src/main.c:58: undefined reference to `MCAL_GPIO_ReadPin'
F:/Learn_in_Depth Course/Diploma_Repo/STM32/STM32/Drivers/Debug/../Src/main.c:61: undefined reference to `MCAL_GPIO_TogglePin'
F:/Learn_in_Depth Course/Diploma_Repo/STM32/STM32/Drivers/Debug/../Src/main.c:62: undefined reference to `MCAL_GPIO_ReadPin'
F:/Learn_in_Depth Course/Diploma_Repo/STM32/STM32/Drivers/Debug/../Src/main.c:64: undefined reference to `MCAL_GPIO_ReadPin'
F:/Learn_in_Depth Course/Diploma_Repo/STM32/STM32/Drivers/Debug/../Src/main.c:67: undefined reference to `MCAL_GPIO_TogglePin'
collect2.exe: error: ld returned 1 exit status
make: *** [makefile:49: Drivers.elf] Error 1
"make -j8 all" terminated with exit code 2. Build might be incomplete.
09:14:40 **** Incremental Build of configuration Debug for project Drivers ****
make -j8 all 
arm-none-eabi-gcc -gdwarf-2 "../Src/main.c" -mcpu=cortex-m3 -std=gnu11 -g3 -DSTM32 -DSTM32F1 -DSTM32F103C6Tx -DDEBUG -c -I../Inc -I"F:/Learn_in_Depth Course/Diploma_Repo/STM32/STM32/Drivers/GPIO" -O0 -ffunction-sections -fdata-sections -Wall -fstack-usage -MMD -MP -MF"Src/main.d" -MT"Src/main.o" --specs=nano.specs -mfloat-abi=soft -mthumb -o "Src/main.o"
../Src/main.c: In function 'main':
../Src/main.c:54:24: error: incompatible type for argument 2 of 'MCAL_GPIO_Init'
  MCAL_GPIO_Init(GPIOA ,PINA13);
                        ^~~~~~
In file included from ../Src/main.c:22:0:
F:/Learn_in_Depth Course/Diploma_Repo/STM32/STM32/Drivers/GPIO/GPIO.h:87:6: note: expected 'GPIO_Pinconfig_t * {aka struct <anonymous> *}' but argument is of type 'GPIO_Pinconfig_t {aka struct <anonymous>}'
 void MCAL_GPIO_Init(GPIOx_t *GPIOx, GPIO_Pinconfig_t *PinConfig);
      ^~~~~~~~~~~~~~
F:/Learn_in_Depth Course/Diploma_Repo/STM32/STM32/Drivers/GPIO/GPIO.h:32:20: warning: large integer implicitly truncated to unsigned type [-Woverflow]
 #define GPIO_PIN13 ((uint16_t)0x2000)
                    ^
../Src/main.c:67:30: note: in expansion of macro 'GPIO_PIN13'
    MCAL_GPIO_TogglePin(GPIOB,GPIO_PIN13);
                              ^~~~~~~~~~
make: *** [Src/subdir.mk:24: Src/main.o] Error 1
"make -j8 all" terminated with exit code 2. Build might be incomplete.
09:14:47 **** Incremental Build of configuration Debug for project Drivers ****
make -j8 all 
arm-none-eabi-gcc -gdwarf-2 "../Src/main.c" -mcpu=cortex-m3 -std=gnu11 -g3 -DSTM32 -DSTM32F1 -DSTM32F103C6Tx -DDEBUG -c -I../Inc -I"F:/Learn_in_Depth Course/Diploma_Repo/STM32/STM32/Drivers/GPIO" -O0 -ffunction-sections -fdata-sections -Wall -fstack-usage -MMD -MP -MF"Src/main.d" -MT"Src/main.o" --specs=nano.specs -mfloat-abi=soft -mthumb -o "Src/main.o"
In file included from ../Src/main.c:22:0:
../Src/main.c: In function 'main':
F:/Learn_in_Depth Course/Diploma_Repo/STM32/STM32/Drivers/GPIO/GPIO.h:32:20: warning: large integer implicitly truncated to unsigned type [-Woverflow]
 #define GPIO_PIN13 ((uint16_t)0x2000)
                    ^
../Src/main.c:67:30: note: in expansion of macro 'GPIO_PIN13'
    MCAL_GPIO_TogglePin(GPIOB,GPIO_PIN13);
                              ^~~~~~~~~~
../Src/main.c:47:19: warning: unused variable 'PINA13' [-Wunused-variable]
  GPIO_Pinconfig_t PINA13 = {GPIO_PIN13, GPIO_MODE_INPUT_FLOAT, GPIO_SPEED_RSP};
                   ^~~~~~
arm-none-eabi-gcc -gdwarf-2 -o "Drivers.elf" @"objects.list"   -mcpu=cortex-m3 -T"F:\Learn_in_Depth Course\Diploma_Repo\STM32\STM32\Drivers\STM32F103C6TX_FLASH.ld" --specs=nosys.specs -Wl,-Map="Drivers.map" -Wl,--gc-sections -static --specs=nano.specs -mfloat-abi=soft -mthumb -Wl,--start-group -lc -lm -Wl,--end-group
Src/main.o: In function `main':
F:/Learn_in_Depth Course/Diploma_Repo/STM32/STM32/Drivers/Debug/../Src/main.c:51: undefined reference to `MCAL_GPIO_Init'
F:/Learn_in_Depth Course/Diploma_Repo/STM32/STM32/Drivers/Debug/../Src/main.c:52: undefined reference to `MCAL_GPIO_Init'
F:/Learn_in_Depth Course/Diploma_Repo/STM32/STM32/Drivers/Debug/../Src/main.c:53: undefined reference to `MCAL_GPIO_Init'
F:/Learn_in_Depth Course/Diploma_Repo/STM32/STM32/Drivers/Debug/../Src/main.c:58: undefined reference to `MCAL_GPIO_ReadPin'
F:/Learn_in_Depth Course/Diploma_Repo/STM32/STM32/Drivers/Debug/../Src/main.c:61: undefined reference to `MCAL_GPIO_TogglePin'
F:/Learn_in_Depth Course/Diploma_Repo/STM32/STM32/Drivers/Debug/../Src/main.c:62: undefined reference to `MCAL_GPIO_ReadPin'
F:/Learn_in_Depth Course/Diploma_Repo/STM32/STM32/Drivers/Debug/../Src/main.c:64: undefined reference to `MCAL_GPIO_ReadPin'
F:/Learn_in_Depth Course/Diploma_Repo/STM32/STM32/Drivers/Debug/../Src/main.c:67: undefined reference to `MCAL_GPIO_TogglePin'
collect2.exe: error: ld returned 1 exit status
make: *** [makefile:49: Drivers.elf] Error 1
"make -j8 all" terminated with exit code 2. Build might be incomplete.
09:15:16 **** Incremental Build of configuration Debug for project Drivers ****
make -j8 all 
arm-none-eabi-gcc -gdwarf-2 "../Src/main.c" -mcpu=cortex-m3 -std=gnu11 -g3 -DSTM32 -DSTM32F1 -DSTM32F103C6Tx -DDEBUG -c -I../Inc -I"F:/Learn_in_Depth Course/Diploma_Repo/STM32/STM32/Drivers/GPIO" -O0 -ffunction-sections -fdata-sections -Wall -fstack-usage -MMD -MP -MF"Src/main.d" -MT"Src/main.o" --specs=nano.specs -mfloat-abi=soft -mthumb -o "Src/main.o"
../Src/main.c: In function 'main':
../Src/main.c:54:24: error: incompatible type for argument 2 of 'MCAL_GPIO_Init'
  MCAL_GPIO_Init(GPIOA ,PINA13);
                        ^~~~~~
In file included from ../Src/main.c:22:0:
F:/Learn_in_Depth Course/Diploma_Repo/STM32/STM32/Drivers/GPIO/GPIO.h:87:6: note: expected 'GPIO_Pinconfig_t * {aka struct <anonymous> *}' but argument is of type 'GPIO_Pinconfig_t {aka struct <anonymous>}'
 void MCAL_GPIO_Init(GPIOx_t *GPIOx, GPIO_Pinconfig_t *PinConfig);
      ^~~~~~~~~~~~~~
F:/Learn_in_Depth Course/Diploma_Repo/STM32/STM32/Drivers/GPIO/GPIO.h:32:20: warning: large integer implicitly truncated to unsigned type [-Woverflow]
 #define GPIO_PIN13 ((uint16_t)0x2000)
                    ^
../Src/main.c:67:30: note: in expansion of macro 'GPIO_PIN13'
    MCAL_GPIO_TogglePin(GPIOB,GPIO_PIN13);
                              ^~~~~~~~~~
make: *** [Src/subdir.mk:24: Src/main.o] Error 1
"make -j8 all" terminated with exit code 2. Build might be incomplete.
09:16:01 **** Incremental Build of configuration Debug for project Drivers ****
make -j8 all 
arm-none-eabi-gcc -gdwarf-2 "../Src/main.c" -mcpu=cortex-m3 -std=gnu11 -g3 -DSTM32 -DSTM32F1 -DSTM32F103C6Tx -DDEBUG -c -I../Inc -I"F:/Learn_in_Depth Course/Diploma_Repo/STM32/STM32/Drivers/GPIO" -O0 -ffunction-sections -fdata-sections -Wall -fstack-usage -MMD -MP -MF"Src/main.d" -MT"Src/main.o" --specs=nano.specs -mfloat-abi=soft -mthumb -o "Src/main.o"
../Src/main.c: In function 'main':
../Src/main.c:52:24: error: incompatible type for argument 2 of 'MCAL_GPIO_Init'
  MCAL_GPIO_Init(GPIOB ,PINB13);
                        ^~~~~~
In file included from ../Src/main.c:22:0:
F:/Learn_in_Depth Course/Diploma_Repo/STM32/STM32/Drivers/GPIO/GPIO.h:87:6: note: expected 'GPIO_Pinconfig_t * {aka struct <anonymous> *}' but argument is of type 'GPIO_Pinconfig_t {aka struct <anonymous>}'
 void MCAL_GPIO_Init(GPIOx_t *GPIOx, GPIO_Pinconfig_t *PinConfig);
      ^~~~~~~~~~~~~~
../Src/main.c:54:24: error: incompatible type for argument 2 of 'MCAL_GPIO_Init'
  MCAL_GPIO_Init(GPIOA ,PINA13);
                        ^~~~~~
In file included from ../Src/main.c:22:0:
F:/Learn_in_Depth Course/Diploma_Repo/STM32/STM32/Drivers/GPIO/GPIO.h:87:6: note: expected 'GPIO_Pinconfig_t * {aka struct <anonymous> *}' but argument is of type 'GPIO_Pinconfig_t {aka struct <anonymous>}'
 void MCAL_GPIO_Init(GPIOx_t *GPIOx, GPIO_Pinconfig_t *PinConfig);
      ^~~~~~~~~~~~~~
F:/Learn_in_Depth Course/Diploma_Repo/STM32/STM32/Drivers/GPIO/GPIO.h:32:20: warning: large integer implicitly truncated to unsigned type [-Woverflow]
 #define GPIO_PIN13 ((uint16_t)0x2000)
                    ^
../Src/main.c:67:30: note: in expansion of macro 'GPIO_PIN13'
    MCAL_GPIO_TogglePin(GPIOB,GPIO_PIN13);
                              ^~~~~~~~~~
make: *** [Src/subdir.mk:24: Src/main.o] Error 1
"make -j8 all" terminated with exit code 2. Build might be incomplete.
09:16:20 **** Incremental Build of configuration Debug for project Drivers ****
make -j8 all 
arm-none-eabi-gcc -gdwarf-2 "../Src/main.c" -mcpu=cortex-m3 -std=gnu11 -g3 -DSTM32 -DSTM32F1 -DSTM32F103C6Tx -DDEBUG -c -I../Inc -I"F:/Learn_in_Depth Course/Diploma_Repo/STM32/STM32/Drivers/GPIO" -O0 -ffunction-sections -fdata-sections -Wall -fstack-usage -MMD -MP -MF"Src/main.d" -MT"Src/main.o" --specs=nano.specs -mfloat-abi=soft -mthumb -o "Src/main.o"
In file included from ../Src/main.c:22:0:
../Src/main.c: In function 'main':
F:/Learn_in_Depth Course/Diploma_Repo/STM32/STM32/Drivers/GPIO/GPIO.h:32:20: warning: large integer implicitly truncated to unsigned type [-Woverflow]
 #define GPIO_PIN13 ((uint16_t)0x2000)
                    ^
../Src/main.c:67:30: note: in expansion of macro 'GPIO_PIN13'
    MCAL_GPIO_TogglePin(GPIOB,GPIO_PIN13);
                              ^~~~~~~~~~
../Src/main.c:47:19: warning: unused variable 'PINA13' [-Wunused-variable]
  GPIO_Pinconfig_t PINA13 = {GPIO_PIN13, GPIO_MODE_INPUT_FLOAT, GPIO_SPEED_RSP};
                   ^~~~~~
arm-none-eabi-gcc -gdwarf-2 -o "Drivers.elf" @"objects.list"   -mcpu=cortex-m3 -T"F:\Learn_in_Depth Course\Diploma_Repo\STM32\STM32\Drivers\STM32F103C6TX_FLASH.ld" --specs=nosys.specs -Wl,-Map="Drivers.map" -Wl,--gc-sections -static --specs=nano.specs -mfloat-abi=soft -mthumb -Wl,--start-group -lc -lm -Wl,--end-group
Src/main.o: In function `main':
F:/Learn_in_Depth Course/Diploma_Repo/STM32/STM32/Drivers/Debug/../Src/main.c:51: undefined reference to `MCAL_GPIO_Init'
F:/Learn_in_Depth Course/Diploma_Repo/STM32/STM32/Drivers/Debug/../Src/main.c:52: undefined reference to `MCAL_GPIO_Init'
F:/Learn_in_Depth Course/Diploma_Repo/STM32/STM32/Drivers/Debug/../Src/main.c:53: undefined reference to `MCAL_GPIO_Init'
F:/Learn_in_Depth Course/Diploma_Repo/STM32/STM32/Drivers/Debug/../Src/main.c:58: undefined reference to `MCAL_GPIO_ReadPin'
F:/Learn_in_Depth Course/Diploma_Repo/STM32/STM32/Drivers/Debug/../Src/main.c:61: undefined reference to `MCAL_GPIO_TogglePin'
F:/Learn_in_Depth Course/Diploma_Repo/STM32/STM32/Drivers/Debug/../Src/main.c:62: undefined reference to `MCAL_GPIO_ReadPin'
F:/Learn_in_Depth Course/Diploma_Repo/STM32/STM32/Drivers/Debug/../Src/main.c:64: undefined reference to `MCAL_GPIO_ReadPin'
F:/Learn_in_Depth Course/Diploma_Repo/STM32/STM32/Drivers/Debug/../Src/main.c:67: undefined reference to `MCAL_GPIO_TogglePin'
collect2.exe: error: ld returned 1 exit status
make: *** [makefile:49: Drivers.elf] Error 1
"make -j8 all" terminated with exit code 2. Build might be incomplete.
09:16:33 **** Incremental Build of configuration Debug for project Drivers ****
make -j8 all 
arm-none-eabi-gcc -gdwarf-2 "../Src/main.c" -mcpu=cortex-m3 -std=gnu11 -g3 -DSTM32 -DSTM32F1 -DSTM32F103C6Tx -DDEBUG -c -I../Inc -I"F:/Learn_in_Depth Course/Diploma_Repo/STM32/STM32/Drivers/GPIO" -O0 -ffunction-sections -fdata-sections -Wall -fstack-usage -MMD -MP -MF"Src/main.d" -MT"Src/main.o" --specs=nano.specs -mfloat-abi=soft -mthumb -o "Src/main.o"
In file included from ../Src/main.c:22:0:
../Src/main.c: In function 'main':
F:/Learn_in_Depth Course/Diploma_Repo/STM32/STM32/Drivers/GPIO/GPIO.h:32:20: warning: large integer implicitly truncated to unsigned type [-Woverflow]
 #define GPIO_PIN13 ((uint16_t)0x2000)
                    ^
../Src/main.c:67:30: note: in expansion of macro 'GPIO_PIN13'
    MCAL_GPIO_TogglePin(GPIOB,GPIO_PIN13);
                              ^~~~~~~~~~
arm-none-eabi-gcc -gdwarf-2 -o "Drivers.elf" @"objects.list"   -mcpu=cortex-m3 -T"F:\Learn_in_Depth Course\Diploma_Repo\STM32\STM32\Drivers\STM32F103C6TX_FLASH.ld" --specs=nosys.specs -Wl,-Map="Drivers.map" -Wl,--gc-sections -static --specs=nano.specs -mfloat-abi=soft -mthumb -Wl,--start-group -lc -lm -Wl,--end-group
Src/main.o: In function `main':
F:/Learn_in_Depth Course/Diploma_Repo/STM32/STM32/Drivers/Debug/../Src/main.c:51: undefined reference to `MCAL_GPIO_Init'
F:/Learn_in_Depth Course/Diploma_Repo/STM32/STM32/Drivers/Debug/../Src/main.c:52: undefined reference to `MCAL_GPIO_Init'
F:/Learn_in_Depth Course/Diploma_Repo/STM32/STM32/Drivers/Debug/../Src/main.c:53: undefined reference to `MCAL_GPIO_Init'
F:/Learn_in_Depth Course/Diploma_Repo/STM32/STM32/Drivers/Debug/../Src/main.c:54: undefined reference to `MCAL_GPIO_Init'
F:/Learn_in_Depth Course/Diploma_Repo/STM32/STM32/Drivers/Debug/../Src/main.c:58: undefined reference to `MCAL_GPIO_ReadPin'
F:/Learn_in_Depth Course/Diploma_Repo/STM32/STM32/Drivers/Debug/../Src/main.c:61: undefined reference to `MCAL_GPIO_TogglePin'
F:/Learn_in_Depth Course/Diploma_Repo/STM32/STM32/Drivers/Debug/../Src/main.c:62: undefined reference to `MCAL_GPIO_ReadPin'
F:/Learn_in_Depth Course/Diploma_Repo/STM32/STM32/Drivers/Debug/../Src/main.c:64: undefined reference to `MCAL_GPIO_ReadPin'
F:/Learn_in_Depth Course/Diploma_Repo/STM32/STM32/Drivers/Debug/../Src/main.c:67: undefined reference to `MCAL_GPIO_TogglePin'
collect2.exe: error: ld returned 1 exit status
make: *** [makefile:49: Drivers.elf] Error 1
"make -j8 all" terminated with exit code 2. Build might be incomplete.
09:23:02 **** Incremental Build of configuration Debug for project Drivers ****
make -j8 all 
arm-none-eabi-gcc -gdwarf-2 "../Src/main.c" -mcpu=cortex-m3 -std=gnu11 -g3 -DSTM32 -DSTM32F1 -DSTM32F103C6Tx -DDEBUG -c -I../Inc -I"F:/Learn_in_Depth Course/Diploma_Repo/STM32/STM32/Drivers/GPIO" -O0 -ffunction-sections -fdata-sections -Wall -fstack-usage -MMD -MP -MF"Src/main.d" -MT"Src/main.o" --specs=nano.specs -mfloat-abi=soft -mthumb -o "Src/main.o"
../Src/main.c: In function 'main':
../Src/main.c:47:2: error: called object is not a function or function pointer
  PINA1.PinNum GPIO_PIN1;
  ^~~~~
../Src/main.c:48:7: warning: statement with no effect [-Wunused-value]
  PINA1.PinMode GPIO_MODE_INPUT_FLOAT;
  ~~~~~^~~~~~~~
In file included from ../Src/main.c:22:0:
F:/Learn_in_Depth Course/Diploma_Repo/STM32/STM32/Drivers/GPIO/GPIO.h:43:31: error: expected ';' before numeric constant
 #define GPIO_MODE_INPUT_FLOAT 0x00000001U
                               ^
../Src/main.c:48:16: note: in expansion of macro 'GPIO_MODE_INPUT_FLOAT'
  PINA1.PinMode GPIO_MODE_INPUT_FLOAT;
                ^~~~~~~~~~~~~~~~~~~~~
F:/Learn_in_Depth Course/Diploma_Repo/STM32/STM32/Drivers/GPIO/GPIO.h:32:20: warning: large integer implicitly truncated to unsigned type [-Woverflow]
 #define GPIO_PIN13 ((uint16_t)0x2000)
                    ^
../Src/main.c:70:30: note: in expansion of macro 'GPIO_PIN13'
    MCAL_GPIO_TogglePin(GPIOB,GPIO_PIN13);
                              ^~~~~~~~~~
make: *** [Src/subdir.mk:24: Src/main.o] Error 1
"make -j8 all" terminated with exit code 2. Build might be incomplete.
09:23:15 **** Incremental Build of configuration Debug for project Drivers ****
make -j8 all 
arm-none-eabi-gcc -gdwarf-2 "../Src/main.c" -mcpu=cortex-m3 -std=gnu11 -g3 -DSTM32 -DSTM32F1 -DSTM32F103C6Tx -DDEBUG -c -I../Inc -I"F:/Learn_in_Depth Course/Diploma_Repo/STM32/STM32/Drivers/GPIO" -O0 -ffunction-sections -fdata-sections -Wall -fstack-usage -MMD -MP -MF"Src/main.d" -MT"Src/main.o" --specs=nano.specs -mfloat-abi=soft -mthumb -o "Src/main.o"
../Src/main.c: In function 'main':
../Src/main.c:48:7: warning: statement with no effect [-Wunused-value]
  PINA1.PinMode GPIO_MODE_INPUT_FLOAT;
  ~~~~~^~~~~~~~
In file included from ../Src/main.c:22:0:
F:/Learn_in_Depth Course/Diploma_Repo/STM32/STM32/Drivers/GPIO/GPIO.h:43:31: error: expected ';' before numeric constant
 #define GPIO_MODE_INPUT_FLOAT 0x00000001U
                               ^
../Src/main.c:48:16: note: in expansion of macro 'GPIO_MODE_INPUT_FLOAT'
  PINA1.PinMode GPIO_MODE_INPUT_FLOAT;
                ^~~~~~~~~~~~~~~~~~~~~
F:/Learn_in_Depth Course/Diploma_Repo/STM32/STM32/Drivers/GPIO/GPIO.h:32:20: warning: large integer implicitly truncated to unsigned type [-Woverflow]
 #define GPIO_PIN13 ((uint16_t)0x2000)
                    ^
../Src/main.c:70:30: note: in expansion of macro 'GPIO_PIN13'
    MCAL_GPIO_TogglePin(GPIOB,GPIO_PIN13);
                              ^~~~~~~~~~
make: *** [Src/subdir.mk:24: Src/main.o] Error 1
"make -j8 all" terminated with exit code 2. Build might be incomplete.
09:23:35 **** Incremental Build of configuration Debug for project Drivers ****
make -j8 all 
arm-none-eabi-gcc -gdwarf-2 "../Src/main.c" -mcpu=cortex-m3 -std=gnu11 -g3 -DSTM32 -DSTM32F1 -DSTM32F103C6Tx -DDEBUG -c -I../Inc -I"F:/Learn_in_Depth Course/Diploma_Repo/STM32/STM32/Drivers/GPIO" -O0 -ffunction-sections -fdata-sections -Wall -fstack-usage -MMD -MP -MF"Src/main.d" -MT"Src/main.o" --specs=nano.specs -mfloat-abi=soft -mthumb -o "Src/main.o"
In file included from ../Src/main.c:22:0:
../Src/main.c: In function 'main':
F:/Learn_in_Depth Course/Diploma_Repo/STM32/STM32/Drivers/GPIO/GPIO.h:32:20: warning: large integer implicitly truncated to unsigned type [-Woverflow]
 #define GPIO_PIN13 ((uint16_t)0x2000)
                    ^
../Src/main.c:70:30: note: in expansion of macro 'GPIO_PIN13'
    MCAL_GPIO_TogglePin(GPIOB,GPIO_PIN13);
                              ^~~~~~~~~~
arm-none-eabi-gcc -gdwarf-2 -o "Drivers.elf" @"objects.list"   -mcpu=cortex-m3 -T"F:\Learn_in_Depth Course\Diploma_Repo\STM32\STM32\Drivers\STM32F103C6TX_FLASH.ld" --specs=nosys.specs -Wl,-Map="Drivers.map" -Wl,--gc-sections -static --specs=nano.specs -mfloat-abi=soft -mthumb -Wl,--start-group -lc -lm -Wl,--end-group
Src/main.o: In function `main':
F:/Learn_in_Depth Course/Diploma_Repo/STM32/STM32/Drivers/Debug/../Src/main.c:54: undefined reference to `MCAL_GPIO_Init'
F:/Learn_in_Depth Course/Diploma_Repo/STM32/STM32/Drivers/Debug/../Src/main.c:55: undefined reference to `MCAL_GPIO_Init'
F:/Learn_in_Depth Course/Diploma_Repo/STM32/STM32/Drivers/Debug/../Src/main.c:56: undefined reference to `MCAL_GPIO_Init'
F:/Learn_in_Depth Course/Diploma_Repo/STM32/STM32/Drivers/Debug/../Src/main.c:57: undefined reference to `MCAL_GPIO_Init'
F:/Learn_in_Depth Course/Diploma_Repo/STM32/STM32/Drivers/Debug/../Src/main.c:61: undefined reference to `MCAL_GPIO_ReadPin'
F:/Learn_in_Depth Course/Diploma_Repo/STM32/STM32/Drivers/Debug/../Src/main.c:64: undefined reference to `MCAL_GPIO_TogglePin'
F:/Learn_in_Depth Course/Diploma_Repo/STM32/STM32/Drivers/Debug/../Src/main.c:65: undefined reference to `MCAL_GPIO_ReadPin'
F:/Learn_in_Depth Course/Diploma_Repo/STM32/STM32/Drivers/Debug/../Src/main.c:67: undefined reference to `MCAL_GPIO_ReadPin'
F:/Learn_in_Depth Course/Diploma_Repo/STM32/STM32/Drivers/Debug/../Src/main.c:70: undefined reference to `MCAL_GPIO_TogglePin'
collect2.exe: error: ld returned 1 exit status
make: *** [makefile:49: Drivers.elf] Error 1
"make -j8 all" terminated with exit code 2. Build might be incomplete.
09:24:30 **** Incremental Build of configuration Debug for project Drivers ****
make -j8 all 
arm-none-eabi-gcc -gdwarf-2 "../Src/main.c" -mcpu=cortex-m3 -std=gnu11 -g3 -DSTM32 -DSTM32F1 -DSTM32F103C6Tx -DDEBUG -c -I../Inc -I"F:/Learn_in_Depth Course/Diploma_Repo/STM32/STM32/Drivers/GPIO" -O0 -ffunction-sections -fdata-sections -Wall -fstack-usage -MMD -MP -MF"Src/main.d" -MT"Src/main.o" --specs=nano.specs -mfloat-abi=soft -mthumb -o "Src/main.o"
In file included from ../Src/main.c:22:0:
../Src/main.c: In function 'main':
F:/Learn_in_Depth Course/Diploma_Repo/STM32/STM32/Drivers/GPIO/GPIO.h:32:20: warning: large integer implicitly truncated to unsigned type [-Woverflow]
 #define GPIO_PIN13 ((uint16_t)0x2000)
                    ^
../Src/main.c:75:30: note: in expansion of macro 'GPIO_PIN13'
    MCAL_GPIO_TogglePin(GPIOB,GPIO_PIN13);
                              ^~~~~~~~~~
arm-none-eabi-gcc -gdwarf-2 -o "Drivers.elf" @"objects.list"   -mcpu=cortex-m3 -T"F:\Learn_in_Depth Course\Diploma_Repo\STM32\STM32\Drivers\STM32F103C6TX_FLASH.ld" --specs=nosys.specs -Wl,-Map="Drivers.map" -Wl,--gc-sections -static --specs=nano.specs -mfloat-abi=soft -mthumb -Wl,--start-group -lc -lm -Wl,--end-group
Src/main.o: In function `GPIO_Init':
F:/Learn_in_Depth Course/Diploma_Repo/STM32/STM32/Drivers/Debug/../Src/main.c:51: undefined reference to `MCAL_GPIO_Init'
F:/Learn_in_Depth Course/Diploma_Repo/STM32/STM32/Drivers/Debug/../Src/main.c:52: undefined reference to `MCAL_GPIO_Init'
F:/Learn_in_Depth Course/Diploma_Repo/STM32/STM32/Drivers/Debug/../Src/main.c:53: undefined reference to `MCAL_GPIO_Init'
F:/Learn_in_Depth Course/Diploma_Repo/STM32/STM32/Drivers/Debug/../Src/main.c:54: undefined reference to `MCAL_GPIO_Init'
Src/main.o: In function `main':
F:/Learn_in_Depth Course/Diploma_Repo/STM32/STM32/Drivers/Debug/../Src/main.c:66: undefined reference to `MCAL_GPIO_ReadPin'
F:/Learn_in_Depth Course/Diploma_Repo/STM32/STM32/Drivers/Debug/../Src/main.c:69: undefined reference to `MCAL_GPIO_TogglePin'
F:/Learn_in_Depth Course/Diploma_Repo/STM32/STM32/Drivers/Debug/../Src/main.c:70: undefined reference to `MCAL_GPIO_ReadPin'
F:/Learn_in_Depth Course/Diploma_Repo/STM32/STM32/Drivers/Debug/../Src/main.c:72: undefined reference to `MCAL_GPIO_ReadPin'
F:/Learn_in_Depth Course/Diploma_Repo/STM32/STM32/Drivers/Debug/../Src/main.c:75: undefined reference to `MCAL_GPIO_TogglePin'
collect2.exe: error: ld returned 1 exit status
make: *** [makefile:49: Drivers.elf] Error 1
"make -j8 all" terminated with exit code 2. Build might be incomplete.
09:24:49 **** Incremental Build of configuration Debug for project Drivers ****
make -j8 all 
arm-none-eabi-gcc -gdwarf-2 "../Src/main.c" -mcpu=cortex-m3 -std=gnu11 -g3 -DSTM32 -DSTM32F1 -DSTM32F103C6Tx -DDEBUG -c -I../Inc -I"F:/Learn_in_Depth Course/Diploma_Repo/STM32/STM32/Drivers/GPIO" -O0 -ffunction-sections -fdata-sections -Wall -fstack-usage -MMD -MP -MF"Src/main.d" -MT"Src/main.o" --specs=nano.specs -mfloat-abi=soft -mthumb -o "Src/main.o"
In file included from ../Src/main.c:22:0:
../Src/main.c: In function 'main':
F:/Learn_in_Depth Course/Diploma_Repo/STM32/STM32/Drivers/GPIO/GPIO.h:32:20: warning: large integer implicitly truncated to unsigned type [-Woverflow]
 #define GPIO_PIN13 ((uint16_t)0x2000)
                    ^
../Src/main.c:75:30: note: in expansion of macro 'GPIO_PIN13'
    MCAL_GPIO_TogglePin(GPIOB,GPIO_PIN13);
                              ^~~~~~~~~~
arm-none-eabi-gcc -gdwarf-2 -o "Drivers.elf" @"objects.list"   -mcpu=cortex-m3 -T"F:\Learn_in_Depth Course\Diploma_Repo\STM32\STM32\Drivers\STM32F103C6TX_FLASH.ld" --specs=nosys.specs -Wl,-Map="Drivers.map" -Wl,--gc-sections -static --specs=nano.specs -mfloat-abi=soft -mthumb -Wl,--start-group -lc -lm -Wl,--end-group
Src/main.o: In function `main':
F:/Learn_in_Depth Course/Diploma_Repo/STM32/STM32/Drivers/Debug/../Src/main.c:66: undefined reference to `MCAL_GPIO_ReadPin'
F:/Learn_in_Depth Course/Diploma_Repo/STM32/STM32/Drivers/Debug/../Src/main.c:69: undefined reference to `MCAL_GPIO_TogglePin'
F:/Learn_in_Depth Course/Diploma_Repo/STM32/STM32/Drivers/Debug/../Src/main.c:70: undefined reference to `MCAL_GPIO_ReadPin'
F:/Learn_in_Depth Course/Diploma_Repo/STM32/STM32/Drivers/Debug/../Src/main.c:72: undefined reference to `MCAL_GPIO_ReadPin'
F:/Learn_in_Depth Course/Diploma_Repo/STM32/STM32/Drivers/Debug/../Src/main.c:75: undefined reference to `MCAL_GPIO_TogglePin'
collect2.exe: error: ld returned 1 exit status
make: *** [makefile:49: Drivers.elf] Error 1
"make -j8 all" terminated with exit code 2. Build might be incomplete.
09:25:05 **** Incremental Build of configuration Debug for project Drivers ****
make -j8 all 
arm-none-eabi-gcc -gdwarf-2 "../Src/main.c" -mcpu=cortex-m3 -std=gnu11 -g3 -DSTM32 -DSTM32F1 -DSTM32F103C6Tx -DDEBUG -c -I../Inc -I"F:/Learn_in_Depth Course/Diploma_Repo/STM32/STM32/Drivers/GPIO" -O0 -ffunction-sections -fdata-sections -Wall -fstack-usage -MMD -MP -MF"Src/main.d" -MT"Src/main.o" --specs=nano.specs -mfloat-abi=soft -mthumb -o "Src/main.o"
In file included from ../Src/main.c:22:0:
../Src/main.c: In function 'main':
F:/Learn_in_Depth Course/Diploma_Repo/STM32/STM32/Drivers/GPIO/GPIO.h:32:20: warning: large integer implicitly truncated to unsigned type [-Woverflow]
 #define GPIO_PIN13 ((uint16_t)0x2000)
                    ^
../Src/main.c:75:30: note: in expansion of macro 'GPIO_PIN13'
    MCAL_GPIO_TogglePin(GPIOB,GPIO_PIN13);
                              ^~~~~~~~~~
arm-none-eabi-gcc -gdwarf-2 -o "Drivers.elf" @"objects.list"   -mcpu=cortex-m3 -T"F:\Learn_in_Depth Course\Diploma_Repo\STM32\STM32\Drivers\STM32F103C6TX_FLASH.ld" --specs=nosys.specs -Wl,-Map="Drivers.map" -Wl,--gc-sections -static --specs=nano.specs -mfloat-abi=soft -mthumb -Wl,--start-group -lc -lm -Wl,--end-group
Src/main.o: In function `main':
F:/Learn_in_Depth Course/Diploma_Repo/STM32/STM32/Drivers/Debug/../Src/main.c:66: undefined reference to `MCAL_GPIO_ReadPin'
F:/Learn_in_Depth Course/Diploma_Repo/STM32/STM32/Drivers/Debug/../Src/main.c:69: undefined reference to `MCAL_GPIO_TogglePin'
F:/Learn_in_Depth Course/Diploma_Repo/STM32/STM32/Drivers/Debug/../Src/main.c:70: undefined reference to `MCAL_GPIO_ReadPin'
F:/Learn_in_Depth Course/Diploma_Repo/STM32/STM32/Drivers/Debug/../Src/main.c:72: undefined reference to `MCAL_GPIO_ReadPin'
F:/Learn_in_Depth Course/Diploma_Repo/STM32/STM32/Drivers/Debug/../Src/main.c:75: undefined reference to `MCAL_GPIO_TogglePin'
collect2.exe: error: ld returned 1 exit status
make: *** [makefile:49: Drivers.elf] Error 1
"make -j8 all" terminated with exit code 2. Build might be incomplete.
09:29:36 **** Incremental Build of configuration Debug for project Drivers ****
make -j8 all 
arm-none-eabi-gcc -gdwarf-2 "../Src/main.c" -mcpu=cortex-m3 -std=gnu11 -g3 -DSTM32 -DSTM32F1 -DSTM32F103C6Tx -DDEBUG -c -I../Inc -I"F:/Learn_in_Depth Course/Diploma_Repo/STM32/STM32/Drivers/GPIO" -O0 -ffunction-sections -fdata-sections -Wall -fstack-usage -MMD -MP -MF"Src/main.d" -MT"Src/main.o" --specs=nano.specs -mfloat-abi=soft -mthumb -o "Src/main.o"
../Src/main.c: In function 'GPIO_Init':
../Src/main.c:51:25: error: incompatible type for argument 2 of 'MCAL_GPIO_Init'
  MCAL_GPIO_Init(GPIOB , PINB1);
                         ^~~~~
In file included from ../Src/main.c:22:0:
F:/Learn_in_Depth Course/Diploma_Repo/STM32/STM32/Drivers/GPIO/GPIO.h:87:6: note: expected 'GPIO_Pinconfig_t * {aka struct <anonymous> *}' but argument is of type 'GPIO_Pinconfig_t {aka struct <anonymous>}'
 void MCAL_GPIO_Init(GPIOx_t *GPIOx, GPIO_Pinconfig_t *PinConfig);
      ^~~~~~~~~~~~~~
../Src/main.c:52:25: error: incompatible type for argument 2 of 'MCAL_GPIO_Init'
  MCAL_GPIO_Init(GPIOB , PINB13);
                         ^~~~~~
In file included from ../Src/main.c:22:0:
F:/Learn_in_Depth Course/Diploma_Repo/STM32/STM32/Drivers/GPIO/GPIO.h:87:6: note: expected 'GPIO_Pinconfig_t * {aka struct <anonymous> *}' but argument is of type 'GPIO_Pinconfig_t {aka struct <anonymous>}'
 void MCAL_GPIO_Init(GPIOx_t *GPIOx, GPIO_Pinconfig_t *PinConfig);
      ^~~~~~~~~~~~~~
../Src/main.c:53:25: error: incompatible type for argument 2 of 'MCAL_GPIO_Init'
  MCAL_GPIO_Init(GPIOA , PINA1);
                         ^~~~~
In file included from ../Src/main.c:22:0:
F:/Learn_in_Depth Course/Diploma_Repo/STM32/STM32/Drivers/GPIO/GPIO.h:87:6: note: expected 'GPIO_Pinconfig_t * {aka struct <anonymous> *}' but argument is of type 'GPIO_Pinconfig_t {aka struct <anonymous>}'
 void MCAL_GPIO_Init(GPIOx_t *GPIOx, GPIO_Pinconfig_t *PinConfig);
      ^~~~~~~~~~~~~~
../Src/main.c:54:25: error: incompatible type for argument 2 of 'MCAL_GPIO_Init'
  MCAL_GPIO_Init(GPIOA , PINA13);
                         ^~~~~~
In file included from ../Src/main.c:22:0:
F:/Learn_in_Depth Course/Diploma_Repo/STM32/STM32/Drivers/GPIO/GPIO.h:87:6: note: expected 'GPIO_Pinconfig_t * {aka struct <anonymous> *}' but argument is of type 'GPIO_Pinconfig_t {aka struct <anonymous>}'
 void MCAL_GPIO_Init(GPIOx_t *GPIOx, GPIO_Pinconfig_t *PinConfig);
      ^~~~~~~~~~~~~~
../Src/main.c: In function 'main':
F:/Learn_in_Depth Course/Diploma_Repo/STM32/STM32/Drivers/GPIO/GPIO.h:32:20: warning: large integer implicitly truncated to unsigned type [-Woverflow]
 #define GPIO_PIN13 ((uint16_t)0x2000)
                    ^
../Src/main.c:75:30: note: in expansion of macro 'GPIO_PIN13'
    MCAL_GPIO_TogglePin(GPIOB,GPIO_PIN13);
                              ^~~~~~~~~~
make: *** [Src/subdir.mk:24: Src/main.o] Error 1
"make -j8 all" terminated with exit code 2. Build might be incomplete.
09:32:24 **** Incremental Build of configuration Debug for project Drivers ****
make -j8 all 
arm-none-eabi-gcc -gdwarf-2 "../Src/main.c" -mcpu=cortex-m3 -std=gnu11 -g3 -DSTM32 -DSTM32F1 -DSTM32F103C6Tx -DDEBUG -c -I../Inc -I"F:/Learn_in_Depth Course/Diploma_Repo/STM32/STM32/Drivers/GPIO" -O0 -ffunction-sections -fdata-sections -Wall -fstack-usage -MMD -MP -MF"Src/main.d" -MT"Src/main.o" --specs=nano.specs -mfloat-abi=soft -mthumb -o "Src/main.o"
In file included from ../Src/main.c:22:0:
../Src/main.c: In function 'main':
F:/Learn_in_Depth Course/Diploma_Repo/STM32/STM32/Drivers/GPIO/GPIO.h:32:20: warning: large integer implicitly truncated to unsigned type [-Woverflow]
 #define GPIO_PIN13 ((uint16_t)0x2000)
                    ^
../Src/main.c:82:30: note: in expansion of macro 'GPIO_PIN13'
    MCAL_GPIO_TogglePin(GPIOB,GPIO_PIN13);
                              ^~~~~~~~~~
arm-none-eabi-gcc -gdwarf-2 -o "Drivers.elf" @"objects.list"   -mcpu=cortex-m3 -T"F:\Learn_in_Depth Course\Diploma_Repo\STM32\STM32\Drivers\STM32F103C6TX_FLASH.ld" --specs=nosys.specs -Wl,-Map="Drivers.map" -Wl,--gc-sections -static --specs=nano.specs -mfloat-abi=soft -mthumb -Wl,--start-group -lc -lm -Wl,--end-group
Src/main.o: In function `main':
F:/Learn_in_Depth Course/Diploma_Repo/STM32/STM32/Drivers/Debug/../Src/main.c:76: undefined reference to `MCAL_GPIO_TogglePin'
F:/Learn_in_Depth Course/Diploma_Repo/STM32/STM32/Drivers/Debug/../Src/main.c:82: undefined reference to `MCAL_GPIO_TogglePin'
collect2.exe: error: ld returned 1 exit status
make: *** [makefile:49: Drivers.elf] Error 1
"make -j8 all" terminated with exit code 2. Build might be incomplete.
09:34:31 **** Incremental Build of configuration Debug for project Drivers ****
make -j8 all 
arm-none-eabi-gcc -gdwarf-2 "../Src/main.c" -mcpu=cortex-m3 -std=gnu11 -g3 -DSTM32 -DSTM32F1 -DSTM32F103C6Tx -DDEBUG -c -I../Inc -I"F:/Learn_in_Depth Course/Diploma_Repo/STM32/STM32/Drivers/GPIO" -O0 -ffunction-sections -fdata-sections -Wall -fstack-usage -MMD -MP -MF"Src/main.d" -MT"Src/main.o" --specs=nano.specs -mfloat-abi=soft -mthumb -o "Src/main.o"
../Src/main.c: In function 'main':
../Src/main.c:66:2: warning: implicit declaration of function 'sbGPIO_Init'; did you mean 'GPIO_Init'? [-Wimplicit-function-declaration]
  sbGPIO_Init();
  ^~~~~~~~~~~
  GPIO_Init
In file included from ../Src/main.c:22:0:
F:/Learn_in_Depth Course/Diploma_Repo/STM32/STM32/Drivers/GPIO/GPIO.h:32:20: warning: large integer implicitly truncated to unsigned type [-Woverflow]
 #define GPIO_PIN13 ((uint16_t)0x2000)
                    ^
../Src/main.c:82:30: note: in expansion of macro 'GPIO_PIN13'
    MCAL_GPIO_TogglePin(GPIOB,GPIO_PIN13);
                              ^~~~~~~~~~
arm-none-eabi-gcc -gdwarf-2 -o "Drivers.elf" @"objects.list"   -mcpu=cortex-m3 -T"F:\Learn_in_Depth Course\Diploma_Repo\STM32\STM32\Drivers\STM32F103C6TX_FLASH.ld" --specs=nosys.specs -Wl,-Map="Drivers.map" -Wl,--gc-sections -static --specs=nano.specs -mfloat-abi=soft -mthumb -Wl,--start-group -lc -lm -Wl,--end-group
Src/main.o: In function `main':
F:/Learn_in_Depth Course/Diploma_Repo/STM32/STM32/Drivers/Debug/../Src/main.c:66: undefined reference to `sbGPIO_Init'
F:/Learn_in_Depth Course/Diploma_Repo/STM32/STM32/Drivers/Debug/../Src/main.c:76: undefined reference to `MCAL_GPIO_TogglePin'
F:/Learn_in_Depth Course/Diploma_Repo/STM32/STM32/Drivers/Debug/../Src/main.c:82: undefined reference to `MCAL_GPIO_TogglePin'
collect2.exe: error: ld returned 1 exit status
make: *** [makefile:49: Drivers.elf] Error 1
"make -j8 all" terminated with exit code 2. Build might be incomplete.
09:34:43 **** Incremental Build of configuration Debug for project Drivers ****
make -j8 all 
arm-none-eabi-gcc -gdwarf-2 "../Src/main.c" -mcpu=cortex-m3 -std=gnu11 -g3 -DSTM32 -DSTM32F1 -DSTM32F103C6Tx -DDEBUG -c -I../Inc -I"F:/Learn_in_Depth Course/Diploma_Repo/STM32/STM32/Drivers/GPIO" -O0 -ffunction-sections -fdata-sections -Wall -fstack-usage -MMD -MP -MF"Src/main.d" -MT"Src/main.o" --specs=nano.specs -mfloat-abi=soft -mthumb -o "Src/main.o"
In file included from ../Src/main.c:22:0:
../Src/main.c: In function 'main':
F:/Learn_in_Depth Course/Diploma_Repo/STM32/STM32/Drivers/GPIO/GPIO.h:32:20: warning: large integer implicitly truncated to unsigned type [-Woverflow]
 #define GPIO_PIN13 ((uint16_t)0x2000)
                    ^
../Src/main.c:82:30: note: in expansion of macro 'GPIO_PIN13'
    MCAL_GPIO_TogglePin(GPIOB,GPIO_PIN13);
                              ^~~~~~~~~~
arm-none-eabi-gcc -gdwarf-2 -o "Drivers.elf" @"objects.list"   -mcpu=cortex-m3 -T"F:\Learn_in_Depth Course\Diploma_Repo\STM32\STM32\Drivers\STM32F103C6TX_FLASH.ld" --specs=nosys.specs -Wl,-Map="Drivers.map" -Wl,--gc-sections -static --specs=nano.specs -mfloat-abi=soft -mthumb -Wl,--start-group -lc -lm -Wl,--end-group
Src/main.o: In function `GPIO_Init':
F:/Learn_in_Depth Course/Diploma_Repo/STM32/STM32/Drivers/Debug/../Src/main.c:58: undefined reference to `MCAL_GPIO_Init'
F:/Learn_in_Depth Course/Diploma_Repo/STM32/STM32/Drivers/Debug/../Src/main.c:59: undefined reference to `MCAL_GPIO_Init'
F:/Learn_in_Depth Course/Diploma_Repo/STM32/STM32/Drivers/Debug/../Src/main.c:60: undefined reference to `MCAL_GPIO_Init'
F:/Learn_in_Depth Course/Diploma_Repo/STM32/STM32/Drivers/Debug/../Src/main.c:61: undefined reference to `MCAL_GPIO_Init'
Src/main.o: In function `main':
F:/Learn_in_Depth Course/Diploma_Repo/STM32/STM32/Drivers/Debug/../Src/main.c:76: undefined reference to `MCAL_GPIO_TogglePin'
F:/Learn_in_Depth Course/Diploma_Repo/STM32/STM32/Drivers/Debug/../Src/main.c:82: undefined reference to `MCAL_GPIO_TogglePin'
collect2.exe: error: ld returned 1 exit status
make: *** [makefile:49: Drivers.elf] Error 1
"make -j8 all" terminated with exit code 2. Build might be incomplete.
09:35:39 **** Incremental Build of configuration Debug for project Drivers ****
make -j8 all 
arm-none-eabi-gcc -gdwarf-2 "../Src/main.c" -mcpu=cortex-m3 -std=gnu11 -g3 -DSTM32 -DSTM32F1 -DSTM32F103C6Tx -DDEBUG -c -I../Inc -I"F:/Learn_in_Depth Course/Diploma_Repo/STM32/STM32/Drivers/GPIO" -O0 -ffunction-sections -fdata-sections -Wall -fstack-usage -MMD -MP -MF"Src/main.d" -MT"Src/main.o" --specs=nano.specs -mfloat-abi=soft -mthumb -o "Src/main.o"
In file included from ../Src/main.c:22:0:
../Src/main.c: In function 'main':
F:/Learn_in_Depth Course/Diploma_Repo/STM32/STM32/Drivers/GPIO/GPIO.h:32:20: warning: large integer implicitly truncated to unsigned type [-Woverflow]
 #define GPIO_PIN13 ((uint16_t)0x2000)
                    ^
../Src/main.c:76:30: note: in expansion of macro 'GPIO_PIN13'
    MCAL_GPIO_TogglePin(GPIOB,GPIO_PIN13);
                              ^~~~~~~~~~
arm-none-eabi-gcc -gdwarf-2 -o "Drivers.elf" @"objects.list"   -mcpu=cortex-m3 -T"F:\Learn_in_Depth Course\Diploma_Repo\STM32\STM32\Drivers\STM32F103C6TX_FLASH.ld" --specs=nosys.specs -Wl,-Map="Drivers.map" -Wl,--gc-sections -static --specs=nano.specs -mfloat-abi=soft -mthumb -Wl,--start-group -lc -lm -Wl,--end-group
Src/main.o: In function `GPIO_Init':
F:/Learn_in_Depth Course/Diploma_Repo/STM32/STM32/Drivers/Debug/../Src/main.c:52: undefined reference to `MCAL_GPIO_Init'
F:/Learn_in_Depth Course/Diploma_Repo/STM32/STM32/Drivers/Debug/../Src/main.c:53: undefined reference to `MCAL_GPIO_Init'
F:/Learn_in_Depth Course/Diploma_Repo/STM32/STM32/Drivers/Debug/../Src/main.c:54: undefined reference to `MCAL_GPIO_Init'
F:/Learn_in_Depth Course/Diploma_Repo/STM32/STM32/Drivers/Debug/../Src/main.c:55: undefined reference to `MCAL_GPIO_Init'
Src/main.o: In function `main':
F:/Learn_in_Depth Course/Diploma_Repo/STM32/STM32/Drivers/Debug/../Src/main.c:67: undefined reference to `MCAL_GPIO_ReadPin'
F:/Learn_in_Depth Course/Diploma_Repo/STM32/STM32/Drivers/Debug/../Src/main.c:70: undefined reference to `MCAL_GPIO_TogglePin'
F:/Learn_in_Depth Course/Diploma_Repo/STM32/STM32/Drivers/Debug/../Src/main.c:71: undefined reference to `MCAL_GPIO_ReadPin'
F:/Learn_in_Depth Course/Diploma_Repo/STM32/STM32/Drivers/Debug/../Src/main.c:73: undefined reference to `MCAL_GPIO_ReadPin'
F:/Learn_in_Depth Course/Diploma_Repo/STM32/STM32/Drivers/Debug/../Src/main.c:76: undefined reference to `MCAL_GPIO_TogglePin'
collect2.exe: error: ld returned 1 exit status
make: *** [makefile:49: Drivers.elf] Error 1
"make -j8 all" terminated with exit code 2. Build might be incomplete.
09:36:44 **** Incremental Build of configuration Debug for project Drivers ****
make -j8 all 
arm-none-eabi-gcc -gdwarf-2 -o "Drivers.elf" @"objects.list"   -mcpu=cortex-m3 -T"F:\Learn_in_Depth Course\Diploma_Repo\STM32\STM32\Drivers\STM32F103C6TX_FLASH.ld" --specs=nosys.specs -Wl,-Map="Drivers.map" -Wl,--gc-sections -static --specs=nano.specs -mfloat-abi=soft -mthumb -Wl,--start-group -lc -lm -Wl,--end-group
Src/main.o: In function `GPIO_Init':
F:/Learn_in_Depth Course/Diploma_Repo/STM32/STM32/Drivers/Debug/../Src/main.c:52: undefined reference to `MCAL_GPIO_Init'
F:/Learn_in_Depth Course/Diploma_Repo/STM32/STM32/Drivers/Debug/../Src/main.c:53: undefined reference to `MCAL_GPIO_Init'
F:/Learn_in_Depth Course/Diploma_Repo/STM32/STM32/Drivers/Debug/../Src/main.c:54: undefined reference to `MCAL_GPIO_Init'
F:/Learn_in_Depth Course/Diploma_Repo/STM32/STM32/Drivers/Debug/../Src/main.c:55: undefined reference to `MCAL_GPIO_Init'
Src/main.o: In function `main':
F:/Learn_in_Depth Course/Diploma_Repo/STM32/STM32/Drivers/Debug/../Src/main.c:67: undefined reference to `MCAL_GPIO_ReadPin'
F:/Learn_in_Depth Course/Diploma_Repo/STM32/STM32/Drivers/Debug/../Src/main.c:70: undefined reference to `MCAL_GPIO_TogglePin'
F:/Learn_in_Depth Course/Diploma_Repo/STM32/STM32/Drivers/Debug/../Src/main.c:71: undefined reference to `MCAL_GPIO_ReadPin'
F:/Learn_in_Depth Course/Diploma_Repo/STM32/STM32/Drivers/Debug/../Src/main.c:73: undefined reference to `MCAL_GPIO_ReadPin'
F:/Learn_in_Depth Course/Diploma_Repo/STM32/STM32/Drivers/Debug/../Src/main.c:76: undefined reference to `MCAL_GPIO_TogglePin'
collect2.exe: error: ld returned 1 exit status
make: *** [makefile:49: Drivers.elf] Error 1
"make -j8 all" terminated with exit code 2. Build might be incomplete.
09:38:48 **** Clean-only build of configuration Debug for project Drivers ****
make -j8 clean 
rm -rf *
 
09:38:49 **** Incremental Build of configuration Debug for project Drivers ****
make -j8 all 
arm-none-eabi-gcc -gdwarf-2 -mcpu=cortex-m3 -g3 -c -x assembler-with-cpp -MMD -MP -MF"Startup/startup_stm32f103c6tx.d" -MT"Startup/startup_stm32f103c6tx.o" --specs=nano.specs -mfloat-abi=soft -mthumb -o "Startup/startup_stm32f103c6tx.o" "../Startup/startup_stm32f103c6tx.s"
arm-none-eabi-gcc -gdwarf-2 "../Src/main.c" -mcpu=cortex-m3 -std=gnu11 -g3 -DSTM32 -DSTM32F1 -DSTM32F103C6Tx -DDEBUG -c -I../Inc -I"F:/Learn_in_Depth Course/Diploma_Repo/STM32/STM32/Drivers/GPIO" -O0 -ffunction-sections -fdata-sections -Wall -fstack-usage -MMD -MP -MF"Src/main.d" -MT"Src/main.o" --specs=nano.specs -mfloat-abi=soft -mthumb -o "Src/main.o"
arm-none-eabi-gcc -gdwarf-2 "../Src/syscalls.c" -mcpu=cortex-m3 -std=gnu11 -g3 -DSTM32 -DSTM32F1 -DSTM32F103C6Tx -DDEBUG -c -I../Inc -I"F:/Learn_in_Depth Course/Diploma_Repo/STM32/STM32/Drivers/GPIO" -O0 -ffunction-sections -fdata-sections -Wall -fstack-usage -MMD -MP -MF"Src/syscalls.d" -MT"Src/syscalls.o" --specs=nano.specs -mfloat-abi=soft -mthumb -o "Src/syscalls.o"
arm-none-eabi-gcc -gdwarf-2 "../Src/sysmem.c" -mcpu=cortex-m3 -std=gnu11 -g3 -DSTM32 -DSTM32F1 -DSTM32F103C6Tx -DDEBUG -c -I../Inc -I"F:/Learn_in_Depth Course/Diploma_Repo/STM32/STM32/Drivers/GPIO" -O0 -ffunction-sections -fdata-sections -Wall -fstack-usage -MMD -MP -MF"Src/sysmem.d" -MT"Src/sysmem.o" --specs=nano.specs -mfloat-abi=soft -mthumb -o "Src/sysmem.o"
arm-none-eabi-gcc -gdwarf-2 "../MCAL_GPIO/GPIO.c" -mcpu=cortex-m3 -std=gnu11 -g3 -DSTM32 -DSTM32F1 -DSTM32F103C6Tx -DDEBUG -c -I../Inc -I"F:/Learn_in_Depth Course/Diploma_Repo/STM32/STM32/Drivers/GPIO" -O0 -ffunction-sections -fdata-sections -Wall -fstack-usage -MMD -MP -MF"MCAL_GPIO/GPIO.d" -MT"MCAL_GPIO/GPIO.o" --specs=nano.specs -mfloat-abi=soft -mthumb -o "MCAL_GPIO/GPIO.o"
../Src/main.c:21:10: fatal error: stm32f103x6.h: No such file or directory
 #include "stm32f103x6.h"
          ^~~~~~~~~~~~~~~
compilation terminated.
make: *** [Src/subdir.mk:24: Src/main.o] Error 1
make: *** Waiting for unfinished jobs....
"make -j8 all" terminated with exit code 2. Build might be incomplete.
09:39:42 **** Incremental Build of configuration Debug for project Drivers ****
make -j8 all 
arm-none-eabi-gcc -gdwarf-2 "../Src/main.c" -mcpu=cortex-m3 -std=gnu11 -g3 -DSTM32 -DSTM32F1 -DSTM32F103C6Tx -DDEBUG -c -I../Inc -I"F:/Learn_in_Depth Course/Diploma_Repo/STM32/STM32/Drivers/GPIO" -O0 -ffunction-sections -fdata-sections -Wall -fstack-usage -MMD -MP -MF"Src/main.d" -MT"Src/main.o" --specs=nano.specs -mfloat-abi=soft -mthumb -o "Src/main.o"
../Src/main.c:21:25: warning: extra tokens at end of #include directive
 #include "stm32f103x6.h";
                         ^
../Src/main.c:21:10: fatal error: stm32f103x6.h: No such file or directory
 #include "stm32f103x6.h";
          ^~~~~~~~~~~~~~~
compilation terminated.
make: *** [Src/subdir.mk:24: Src/main.o] Error 1
"make -j8 all" terminated with exit code 2. Build might be incomplete.
09:39:57 **** Incremental Build of configuration Debug for project Drivers ****
make -j8 all 
arm-none-eabi-gcc -gdwarf-2 "../Src/main.c" -mcpu=cortex-m3 -std=gnu11 -g3 -DSTM32 -DSTM32F1 -DSTM32F103C6Tx -DDEBUG -c -I../Inc -I"F:/Learn_in_Depth Course/Diploma_Repo/STM32/STM32/Drivers/GPIO" -O0 -ffunction-sections -fdata-sections -Wall -fstack-usage -MMD -MP -MF"Src/main.d" -MT"Src/main.o" --specs=nano.specs -mfloat-abi=soft -mthumb -o "Src/main.o"
../Src/main.c:21:25: warning: extra tokens at end of #include directive
 #include "stm32f103x6.h";
                         ^
../Src/main.c:21:10: fatal error: stm32f103x6.h: No such file or directory
 #include "stm32f103x6.h";
          ^~~~~~~~~~~~~~~
compilation terminated.
make: *** [Src/subdir.mk:24: Src/main.o] Error 1
"make -j8 all" terminated with exit code 2. Build might be incomplete.
09:41:15 **** Incremental Build of configuration Debug for project Drivers ****
make -j8 all 
arm-none-eabi-gcc -gdwarf-2 "../Src/main.c" -mcpu=cortex-m3 -std=gnu11 -g3 -DSTM32 -DSTM32F1 -DSTM32F103C6Tx -DDEBUG -c -I"F:/Learn_in_Depth Course/Diploma_Repo/STM32/STM32/Drivers/MCAL_GPIO" -I../Inc -O0 -ffunction-sections -fdata-sections -Wall -fstack-usage -MMD -MP -MF"Src/main.d" -MT"Src/main.o" --specs=nano.specs -mfloat-abi=soft -mthumb -o "Src/main.o"
arm-none-eabi-gcc -gdwarf-2 "../Src/syscalls.c" -mcpu=cortex-m3 -std=gnu11 -g3 -DSTM32 -DSTM32F1 -DSTM32F103C6Tx -DDEBUG -c -I"F:/Learn_in_Depth Course/Diploma_Repo/STM32/STM32/Drivers/MCAL_GPIO" -I../Inc -O0 -ffunction-sections -fdata-sections -Wall -fstack-usage -MMD -MP -MF"Src/syscalls.d" -MT"Src/syscalls.o" --specs=nano.specs -mfloat-abi=soft -mthumb -o "Src/syscalls.o"
arm-none-eabi-gcc -gdwarf-2 "../Src/sysmem.c" -mcpu=cortex-m3 -std=gnu11 -g3 -DSTM32 -DSTM32F1 -DSTM32F103C6Tx -DDEBUG -c -I"F:/Learn_in_Depth Course/Diploma_Repo/STM32/STM32/Drivers/MCAL_GPIO" -I../Inc -O0 -ffunction-sections -fdata-sections -Wall -fstack-usage -MMD -MP -MF"Src/sysmem.d" -MT"Src/sysmem.o" --specs=nano.specs -mfloat-abi=soft -mthumb -o "Src/sysmem.o"
arm-none-eabi-gcc -gdwarf-2 "../MCAL_GPIO/GPIO.c" -mcpu=cortex-m3 -std=gnu11 -g3 -DSTM32 -DSTM32F1 -DSTM32F103C6Tx -DDEBUG -c -I"F:/Learn_in_Depth Course/Diploma_Repo/STM32/STM32/Drivers/MCAL_GPIO" -I../Inc -O0 -ffunction-sections -fdata-sections -Wall -fstack-usage -MMD -MP -MF"MCAL_GPIO/GPIO.d" -MT"MCAL_GPIO/GPIO.o" --specs=nano.specs -mfloat-abi=soft -mthumb -o "MCAL_GPIO/GPIO.o"
../Src/main.c:21:25: warning: extra tokens at end of #include directive
 #include "stm32f103x6.h";
                         ^
In file included from ../Src/main.c:22:0:
../Src/main.c: In function 'main':
F:/Learn_in_Depth Course/Diploma_Repo/STM32/STM32/Drivers/MCAL_GPIO/GPIO.h:32:20: warning: large integer implicitly truncated to unsigned type [-Woverflow]
 #define GPIO_PIN13 ((uint16_t)0x2000)
                    ^
../Src/main.c:76:30: note: in expansion of macro 'GPIO_PIN13'
    MCAL_GPIO_TogglePin(GPIOB,GPIO_PIN13);
                              ^~~~~~~~~~
arm-none-eabi-gcc -gdwarf-2 -o "Drivers.elf" @"objects.list"   -mcpu=cortex-m3 -T"F:\Learn_in_Depth Course\Diploma_Repo\STM32\STM32\Drivers\STM32F103C6TX_FLASH.ld" --specs=nosys.specs -Wl,-Map="Drivers.map" -Wl,--gc-sections -static --specs=nano.specs -mfloat-abi=soft -mthumb -Wl,--start-group -lc -lm -Wl,--end-group
Finished building target: Drivers.elf
 
arm-none-eabi-size   Drivers.elf 
arm-none-eabi-objdump -h -S  Drivers.elf  > "Drivers.list"
arm-none-eabi-objcopy  -O binary  Drivers.elf  "Drivers.bin"
   text	   data	    bss	    dec	    hex	filename
   1372	      8	   1568	   2948	    b84	Drivers.elf
Finished building: default.size.stdout
 
Finished building: Drivers.bin
 
Finished building: Drivers.list
 
09:46:08 **** Incremental Build of configuration Debug for project Drivers ****
make -j8 all 
arm-none-eabi-gcc -gdwarf-2 "../Src/main.c" -mcpu=cortex-m3 -std=gnu11 -g3 -DSTM32 -DSTM32F1 -DSTM32F103C6Tx -DDEBUG -c -I"F:/Learn_in_Depth Course/Diploma_Repo/STM32/STM32/Drivers/MCAL_GPIO" -I../Inc -O0 -ffunction-sections -fdata-sections -Wall -fstack-usage -MMD -MP -MF"Src/main.d" -MT"Src/main.o" --specs=nano.specs -mfloat-abi=soft -mthumb -o "Src/main.o"
../Src/main.c:21:25: warning: extra tokens at end of #include directive
 #include "stm32f103x6.h";
                         ^
In file included from ../Src/main.c:22:0:
../Src/main.c: In function 'main':
F:/Learn_in_Depth Course/Diploma_Repo/STM32/STM32/Drivers/MCAL_GPIO/GPIO.h:32:20: warning: large integer implicitly truncated to unsigned type [-Woverflow]
 #define GPIO_PIN13 ((uint16_t)0x2000)
                    ^
../Src/main.c:74:38: note: in expansion of macro 'GPIO_PIN13'
   if(HIGH == MCAL_GPIO_ReadPin(GPIOA,GPIO_PIN13))
                                      ^~~~~~~~~~
F:/Learn_in_Depth Course/Diploma_Repo/STM32/STM32/Drivers/MCAL_GPIO/GPIO.h:32:20: warning: large integer implicitly truncated to unsigned type [-Woverflow]
 #define GPIO_PIN13 ((uint16_t)0x2000)
                    ^
../Src/main.c:77:30: note: in expansion of macro 'GPIO_PIN13'
    MCAL_GPIO_TogglePin(GPIOB,GPIO_PIN13);
                              ^~~~~~~~~~
arm-none-eabi-gcc -gdwarf-2 -o "Drivers.elf" @"objects.list"   -mcpu=cortex-m3 -T"F:\Learn_in_Depth Course\Diploma_Repo\STM32\STM32\Drivers\STM32F103C6TX_FLASH.ld" --specs=nosys.specs -Wl,-Map="Drivers.map" -Wl,--gc-sections -static --specs=nano.specs -mfloat-abi=soft -mthumb -Wl,--start-group -lc -lm -Wl,--end-group
Finished building target: Drivers.elf
 
arm-none-eabi-objdump -h -S  Drivers.elf  > "Drivers.list"
arm-none-eabi-objcopy  -O binary  Drivers.elf  "Drivers.bin"
arm-none-eabi-size   Drivers.elf 
   text	   data	    bss	    dec	    hex	filename
   1372	      8	   1568	   2948	    b84	Drivers.elf
Finished building: default.size.stdout
 
Finished building: Drivers.bin
Finished building: Drivers.list
 
 
09:49:21 **** Incremental Build of configuration Debug for project Drivers ****
make -j8 all 
arm-none-eabi-gcc -gdwarf-2 "../Src/main.c" -mcpu=cortex-m3 -std=gnu11 -g3 -DSTM32 -DSTM32F1 -DSTM32F103C6Tx -DDEBUG -c -I"F:/Learn_in_Depth Course/Diploma_Repo/STM32/STM32/Drivers/MCAL_GPIO" -I../Inc -O0 -ffunction-sections -fdata-sections -Wall -fstack-usage -MMD -MP -MF"Src/main.d" -MT"Src/main.o" --specs=nano.specs -mfloat-abi=soft -mthumb -o "Src/main.o"
arm-none-eabi-gcc -gdwarf-2 "../MCAL_GPIO/GPIO.c" -mcpu=cortex-m3 -std=gnu11 -g3 -DSTM32 -DSTM32F1 -DSTM32F103C6Tx -DDEBUG -c -I"F:/Learn_in_Depth Course/Diploma_Repo/STM32/STM32/Drivers/MCAL_GPIO" -I../Inc -O0 -ffunction-sections -fdata-sections -Wall -fstack-usage -MMD -MP -MF"MCAL_GPIO/GPIO.d" -MT"MCAL_GPIO/GPIO.o" --specs=nano.specs -mfloat-abi=soft -mthumb -o "MCAL_GPIO/GPIO.o"
[...]
  GPIOA_RCC_CLK_ENABLE();
                       ^
../Src/main.c:38:23: error: expected expression before ')' token
  GPIOB_RCC_CLK_ENABLE();
                       ^
make: *** [Src/subdir.mk:24: Src/main.o] Error 1
make: *** Waiting for unfinished jobs....
../MCAL_STM32F103C6/EXTI.c: In function 'MCAL_EXTI_DeIntit':
../MCAL_STM32F103C6/EXTI.c:137:21: error: expected expression before ')' token
  EXTI0_IRQ6_DISABLE() ;
                     ^
make: *** [MCAL_STM32F103C6/subdir.mk:24: MCAL_STM32F103C6/EXTI.o] Error 1
"make -j8 all" terminated with exit code 2. Build might be incomplete.
17:47:25 **** Incremental Build of configuration Debug for project Drivers ****
make -j8 all 
arm-none-eabi-gcc -gdwarf-2 "../Src/main.c" -mcpu=cortex-m3 -std=gnu11 -g3 -DSTM32 -DSTM32F1 -DSTM32F103C6Tx -DDEBUG -c -I"F:/Learn_in_Depth Course/Diploma_Repo/STM32/STM32/Drivers/HAL/KeyPad_DRIVER/includes" -I"F:/Learn_in_Depth Course/Diploma_Repo/STM32/STM32/Drivers/HAL/LCD_DRIVER/includes" -I"F:/Learn_in_Depth Course/Diploma_Repo/STM32/STM32/Drivers/MCAL_STM32F103C6/includes" -I../Inc -O0 -ffunction-sections -fdata-sections -Wall -fstack-usage -MMD -MP -MF"Src/main.d" -MT"Src/main.o" --specs=nano.specs -mfloat-abi=soft -mthumb -o "Src/main.o"
arm-none-eabi-gcc -gdwarf-2 "../MCAL_STM32F103C6/EXTI.c" -mcpu=cortex-m3 -std=gnu11 -g3 -DSTM32 -DSTM32F1 -DSTM32F103C6Tx -DDEBUG -c -I"F:/Learn_in_Depth Course/Diploma_Repo/STM32/STM32/Drivers/HAL/KeyPad_DRIVER/includes" -I"F:/Learn_in_Depth Course/Diploma_Repo/STM32/STM32/Drivers/HAL/LCD_DRIVER/includes" -I"F:/Learn_in_Depth Course/Diploma_Repo/STM32/STM32/Drivers/MCAL_STM32F103C6/includes" -I../Inc -O0 -ffunction-sections -fdata-sections -Wall -fstack-usage -MMD -MP -MF"MCAL_STM32F103C6/EXTI.d" -MT"MCAL_STM32F103C6/EXTI.o" --specs=nano.specs -mfloat-abi=soft -mthumb -o "MCAL_STM32F103C6/EXTI.o"
arm-none-eabi-gcc -gdwarf-2 "../MCAL_STM32F103C6/GPIO.c" -mcpu=cortex-m3 -std=gnu11 -g3 -DSTM32 -DSTM32F1 -DSTM32F103C6Tx -DDEBUG -c -I"F:/Learn_in_Depth Course/Diploma_Repo/STM32/STM32/Drivers/HAL/KeyPad_DRIVER/includes" -I"F:/Learn_in_Depth Course/Diploma_Repo/STM32/STM32/Drivers/HAL/LCD_DRIVER/includes" -I"F:/Learn_in_Depth Course/Diploma_Repo/STM32/STM32/Drivers/MCAL_STM32F103C6/includes" -I../Inc -O0 -ffunction-sections -fdata-sections -Wall -fstack-usage -MMD -MP -MF"MCAL_STM32F103C6/GPIO.d" -MT"MCAL_STM32F103C6/GPIO.o" --specs=nano.specs -mfloat-abi=soft -mthumb -o "MCAL_STM32F103C6/GPIO.o"
arm-none-eabi-gcc -gdwarf-2 "../MCAL_STM32F103C6/GPIO_cfg.c" -mcpu=cortex-m3 -std=gnu11 -g3 -DSTM32 -DSTM32F1 -DSTM32F103C6Tx -DDEBUG -c -I"F:/Learn_in_Depth Course/Diploma_Repo/STM32/STM32/Drivers/HAL/KeyPad_DRIVER/includes" -I"F:/Learn_in_Depth Course/Diploma_Repo/STM32/STM32/Drivers/HAL/LCD_DRIVER/includes" -I"F:/Learn_in_Depth Course/Diploma_Repo/STM32/STM32/Drivers/MCAL_STM32F103C6/includes" -I../Inc -O0 -ffunction-sections -fdata-sections -Wall -fstack-usage -MMD -MP -MF"MCAL_STM32F103C6/GPIO_cfg.d" -MT"MCAL_STM32F103C6/GPIO_cfg.o" --specs=nano.specs -mfloat-abi=soft -mthumb -o "MCAL_STM32F103C6/GPIO_cfg.o"
arm-none-eabi-gcc -gdwarf-2 "../HAL/LCD_DRIVER/LCD.c" -mcpu=cortex-m3 -std=gnu11 -g3 -DSTM32 -DSTM32F1 -DSTM32F103C6Tx -DDEBUG -c -I"F:/Learn_in_Depth Course/Diploma_Repo/STM32/STM32/Drivers/HAL/KeyPad_DRIVER/includes" -I"F:/Learn_in_Depth Course/Diploma_Repo/STM32/STM32/Drivers/HAL/LCD_DRIVER/includes" -I"F:/Learn_in_Depth Course/Diploma_Repo/STM32/STM32/Drivers/MCAL_STM32F103C6/includes" -I../Inc -O0 -ffunction-sections -fdata-sections -Wall -fstack-usage -MMD -MP -MF"HAL/LCD_DRIVER/LCD.d" -MT"HAL/LCD_DRIVER/LCD.o" --specs=nano.specs -mfloat-abi=soft -mthumb -o "HAL/LCD_DRIVER/LCD.o"
arm-none-eabi-gcc -gdwarf-2 "../HAL/KeyPad_DRIVER/KeyPad.c" -mcpu=cortex-m3 -std=gnu11 -g3 -DSTM32 -DSTM32F1 -DSTM32F103C6Tx -DDEBUG -c -I"F:/Learn_in_Depth Course/Diploma_Repo/STM32/STM32/Drivers/HAL/KeyPad_DRIVER/includes" -I"F:/Learn_in_Depth Course/Diploma_Repo/STM32/STM32/Drivers/HAL/LCD_DRIVER/includes" -I"F:/Learn_in_Depth Course/Diploma_Repo/STM32/STM32/Drivers/MCAL_STM32F103C6/includes" -I../Inc -O0 -ffunction-sections -fdata-sections -Wall -fstack-usage -MMD -MP -MF"HAL/KeyPad_DRIVER/KeyPad.d" -MT"HAL/KeyPad_DRIVER/KeyPad.o" --specs=nano.specs -mfloat-abi=soft -mthumb -o "HAL/KeyPad_DRIVER/KeyPad.o"
arm-none-eabi-gcc -gdwarf-2 "../HAL/KeyPad_DRIVER/keypad_cfg.c" -mcpu=cortex-m3 -std=gnu11 -g3 -DSTM32 -DSTM32F1 -DSTM32F103C6Tx -DDEBUG -c -I"F:/Learn_in_Depth Course/Diploma_Repo/STM32/STM32/Drivers/HAL/KeyPad_DRIVER/includes" -I"F:/Learn_in_Depth Course/Diploma_Repo/STM32/STM32/Drivers/HAL/LCD_DRIVER/includes" -I"F:/Learn_in_Depth Course/Diploma_Repo/STM32/STM32/Drivers/MCAL_STM32F103C6/includes" -I../Inc -O0 -ffunction-sections -fdata-sections -Wall -fstack-usage -MMD -MP -MF"HAL/KeyPad_DRIVER/keypad_cfg.d" -MT"HAL/KeyPad_DRIVER/keypad_cfg.o" --specs=nano.specs -mfloat-abi=soft -mthumb -o "HAL/KeyPad_DRIVER/keypad_cfg.o"
../MCAL_STM32F103C6/EXTI.c: In function 'MCAL_EXTI_DeIntit':
../MCAL_STM32F103C6/EXTI.c:137:21: error: expected expression before ')' token
  EXTI0_IRQ6_DISABLE() ;
                     ^
make: *** [MCAL_STM32F103C6/subdir.mk:24: MCAL_STM32F103C6/EXTI.o] Error 1
make: *** Waiting for unfinished jobs....
"make -j8 all" terminated with exit code 2. Build might be incomplete.
17:47:50 **** Incremental Build of configuration Debug for project Drivers ****
make -j8 all 
arm-none-eabi-gcc -gdwarf-2 "../Src/main.c" -mcpu=cortex-m3 -std=gnu11 -g3 -DSTM32 -DSTM32F1 -DSTM32F103C6Tx -DDEBUG -c -I"F:/Learn_in_Depth Course/Diploma_Repo/STM32/STM32/Drivers/HAL/KeyPad_DRIVER/includes" -I"F:/Learn_in_Depth Course/Diploma_Repo/STM32/STM32/Drivers/HAL/LCD_DRIVER/includes" -I"F:/Learn_in_Depth Course/Diploma_Repo/STM32/STM32/Drivers/MCAL_STM32F103C6/includes" -I../Inc -O0 -ffunction-sections -fdata-sections -Wall -fstack-usage -MMD -MP -MF"Src/main.d" -MT"Src/main.o" --specs=nano.specs -mfloat-abi=soft -mthumb -o "Src/main.o"
arm-none-eabi-gcc -gdwarf-2 "../MCAL_STM32F103C6/EXTI.c" -mcpu=cortex-m3 -std=gnu11 -g3 -DSTM32 -DSTM32F1 -DSTM32F103C6Tx -DDEBUG -c -I"F:/Learn_in_Depth Course/Diploma_Repo/STM32/STM32/Drivers/HAL/KeyPad_DRIVER/includes" -I"F:/Learn_in_Depth Course/Diploma_Repo/STM32/STM32/Drivers/HAL/LCD_DRIVER/includes" -I"F:/Learn_in_Depth Course/Diploma_Repo/STM32/STM32/Drivers/MCAL_STM32F103C6/includes" -I../Inc -O0 -ffunction-sections -fdata-sections -Wall -fstack-usage -MMD -MP -MF"MCAL_STM32F103C6/EXTI.d" -MT"MCAL_STM32F103C6/EXTI.o" --specs=nano.specs -mfloat-abi=soft -mthumb -o "MCAL_STM32F103C6/EXTI.o"
arm-none-eabi-gcc -gdwarf-2 "../MCAL_STM32F103C6/GPIO.c" -mcpu=cortex-m3 -std=gnu11 -g3 -DSTM32 -DSTM32F1 -DSTM32F103C6Tx -DDEBUG -c -I"F:/Learn_in_Depth Course/Diploma_Repo/STM32/STM32/Drivers/HAL/KeyPad_DRIVER/includes" -I"F:/Learn_in_Depth Course/Diploma_Repo/STM32/STM32/Drivers/HAL/LCD_DRIVER/includes" -I"F:/Learn_in_Depth Course/Diploma_Repo/STM32/STM32/Drivers/MCAL_STM32F103C6/includes" -I../Inc -O0 -ffunction-sections -fdata-sections -Wall -fstack-usage -MMD -MP -MF"MCAL_STM32F103C6/GPIO.d" -MT"MCAL_STM32F103C6/GPIO.o" --specs=nano.specs -mfloat-abi=soft -mthumb -o "MCAL_STM32F103C6/GPIO.o"
arm-none-eabi-gcc -gdwarf-2 "../MCAL_STM32F103C6/GPIO_cfg.c" -mcpu=cortex-m3 -std=gnu11 -g3 -DSTM32 -DSTM32F1 -DSTM32F103C6Tx -DDEBUG -c -I"F:/Learn_in_Depth Course/Diploma_Repo/STM32/STM32/Drivers/HAL/KeyPad_DRIVER/includes" -I"F:/Learn_in_Depth Course/Diploma_Repo/STM32/STM32/Drivers/HAL/LCD_DRIVER/includes" -I"F:/Learn_in_Depth Course/Diploma_Repo/STM32/STM32/Drivers/MCAL_STM32F103C6/includes" -I../Inc -O0 -ffunction-sections -fdata-sections -Wall -fstack-usage -MMD -MP -MF"MCAL_STM32F103C6/GPIO_cfg.d" -MT"MCAL_STM32F103C6/GPIO_cfg.o" --specs=nano.specs -mfloat-abi=soft -mthumb -o "MCAL_STM32F103C6/GPIO_cfg.o"
arm-none-eabi-gcc -gdwarf-2 "../HAL/LCD_DRIVER/LCD.c" -mcpu=cortex-m3 -std=gnu11 -g3 -DSTM32 -DSTM32F1 -DSTM32F103C6Tx -DDEBUG -c -I"F:/Learn_in_Depth Course/Diploma_Repo/STM32/STM32/Drivers/HAL/KeyPad_DRIVER/includes" -I"F:/Learn_in_Depth Course/Diploma_Repo/STM32/STM32/Drivers/HAL/LCD_DRIVER/includes" -I"F:/Learn_in_Depth Course/Diploma_Repo/STM32/STM32/Drivers/MCAL_STM32F103C6/includes" -I../Inc -O0 -ffunction-sections -fdata-sections -Wall -fstack-usage -MMD -MP -MF"HAL/LCD_DRIVER/LCD.d" -MT"HAL/LCD_DRIVER/LCD.o" --specs=nano.specs -mfloat-abi=soft -mthumb -o "HAL/LCD_DRIVER/LCD.o"
arm-none-eabi-gcc -gdwarf-2 "../HAL/KeyPad_DRIVER/KeyPad.c" -mcpu=cortex-m3 -std=gnu11 -g3 -DSTM32 -DSTM32F1 -DSTM32F103C6Tx -DDEBUG -c -I"F:/Learn_in_Depth Course/Diploma_Repo/STM32/STM32/Drivers/HAL/KeyPad_DRIVER/includes" -I"F:/Learn_in_Depth Course/Diploma_Repo/STM32/STM32/Drivers/HAL/LCD_DRIVER/includes" -I"F:/Learn_in_Depth Course/Diploma_Repo/STM32/STM32/Drivers/MCAL_STM32F103C6/includes" -I../Inc -O0 -ffunction-sections -fdata-sections -Wall -fstack-usage -MMD -MP -MF"HAL/KeyPad_DRIVER/KeyPad.d" -MT"HAL/KeyPad_DRIVER/KeyPad.o" --specs=nano.specs -mfloat-abi=soft -mthumb -o "HAL/KeyPad_DRIVER/KeyPad.o"
arm-none-eabi-gcc -gdwarf-2 "../HAL/KeyPad_DRIVER/keypad_cfg.c" -mcpu=cortex-m3 -std=gnu11 -g3 -DSTM32 -DSTM32F1 -DSTM32F103C6Tx -DDEBUG -c -I"F:/Learn_in_Depth Course/Diploma_Repo/STM32/STM32/Drivers/HAL/KeyPad_DRIVER/includes" -I"F:/Learn_in_Depth Course/Diploma_Repo/STM32/STM32/Drivers/HAL/LCD_DRIVER/includes" -I"F:/Learn_in_Depth Course/Diploma_Repo/STM32/STM32/Drivers/MCAL_STM32F103C6/includes" -I../Inc -O0 -ffunction-sections -fdata-sections -Wall -fstack-usage -MMD -MP -MF"HAL/KeyPad_DRIVER/keypad_cfg.d" -MT"HAL/KeyPad_DRIVER/keypad_cfg.o" --specs=nano.specs -mfloat-abi=soft -mthumb -o "HAL/KeyPad_DRIVER/keypad_cfg.o"
arm-none-eabi-gcc -gdwarf-2 -o "Drivers.elf" @"objects.list"   -mcpu=cortex-m3 -T"F:\Learn_in_Depth Course\Diploma_Repo\STM32\STM32\Drivers\STM32F103C6TX_FLASH.ld" --specs=nosys.specs -Wl,-Map="Drivers.map" -Wl,--gc-sections -static --specs=nano.specs -mfloat-abi=soft -mthumb -Wl,--start-group -lc -lm -Wl,--end-group
Finished building target: Drivers.elf
 
arm-none-eabi-objdump -h -S  Drivers.elf  > "Drivers.list"
arm-none-eabi-objcopy  -O binary  Drivers.elf  "Drivers.bin"
arm-none-eabi-size   Drivers.elf 
   text	   data	    bss	    dec	    hex	filename
   2424	    240	   1632	   4296	   10c8	Drivers.elf
Finished building: default.size.stdout
 
Finished building: Drivers.bin
Finished building: Drivers.list
 
 
17:49:15 **** Incremental Build of configuration Debug for project Drivers ****
make -j8 all 
arm-none-eabi-gcc -gdwarf-2 "../MCAL_STM32F103C6/EXTI.c" -mcpu=cortex-m3 -std=gnu11 -g3 -DSTM32 -DSTM32F1 -DSTM32F103C6Tx -DDEBUG -c -I"F:/Learn_in_Depth Course/Diploma_Repo/STM32/STM32/Drivers/HAL/KeyPad_DRIVER/includes" -I"F:/Learn_in_Depth Course/Diploma_Repo/STM32/STM32/Drivers/HAL/LCD_DRIVER/includes" -I"F:/Learn_in_Depth Course/Diploma_Repo/STM32/STM32/Drivers/MCAL_STM32F103C6/includes" -I../Inc -O0 -ffunction-sections -fdata-sections -Wall -fstack-usage -MMD -MP -MF"MCAL_STM32F103C6/EXTI.d" -MT"MCAL_STM32F103C6/EXTI.o" --specs=nano.specs -mfloat-abi=soft -mthumb -o "MCAL_STM32F103C6/EXTI.o"
arm-none-eabi-gcc -gdwarf-2 -o "Drivers.elf" @"objects.list"   -mcpu=cortex-m3 -T"F:\Learn_in_Depth Course\Diploma_Repo\STM32\STM32\Drivers\STM32F103C6TX_FLASH.ld" --specs=nosys.specs -Wl,-Map="Drivers.map" -Wl,--gc-sections -static --specs=nano.specs -mfloat-abi=soft -mthumb -Wl,--start-group -lc -lm -Wl,--end-group
Finished building target: Drivers.elf
 
arm-none-eabi-objdump -h -S  Drivers.elf  > "Drivers.list"
arm-none-eabi-objcopy  -O binary  Drivers.elf  "Drivers.bin"
arm-none-eabi-size   Drivers.elf 
   text	   data	    bss	    dec	    hex	filename
   2424	    240	   1632	   4296	   10c8	Drivers.elf
Finished building: default.size.stdout
 
Finished building: Drivers.bin
Finished building: Drivers.list
 
 
18:20:12 **** Incremental Build of configuration Debug for project Drivers ****
make -j8 all 
arm-none-eabi-gcc -gdwarf-2 "../MCAL_STM32F103C6/EXTI.c" -mcpu=cortex-m3 -std=gnu11 -g3 -DSTM32 -DSTM32F1 -DSTM32F103C6Tx -DDEBUG -c -I"F:/Learn_in_Depth Course/Diploma_Repo/STM32/STM32/Drivers/HAL/KeyPad_DRIVER/includes" -I"F:/Learn_in_Depth Course/Diploma_Repo/STM32/STM32/Drivers/HAL/LCD_DRIVER/includes" -I"F:/Learn_in_Depth Course/Diploma_Repo/STM32/STM32/Drivers/MCAL_STM32F103C6/includes" -I../Inc -O0 -ffunction-sections -fdata-sections -Wall -fstack-usage -MMD -MP -MF"MCAL_STM32F103C6/EXTI.d" -MT"MCAL_STM32F103C6/EXTI.o" --specs=nano.specs -mfloat-abi=soft -mthumb -o "MCAL_STM32F103C6/EXTI.o"
../MCAL_STM32F103C6/EXTI.c: In function 'NVIC_Enable':
../MCAL_STM32F103C6/EXTI.c:37:2: error: duplicate case value
  case 1 :
  ^~~~
../MCAL_STM32F103C6/EXTI.c:34:2: note: previously used here
  case 1 :
  ^~~~
../MCAL_STM32F103C6/EXTI.c:50:4: warning: implicit declaration of function 'EXTI5_IRQ10_ENABLE'; did you mean 'EXTI4_IRQ10_ENABLE'? [-Wimplicit-function-declaration]
    EXTI5_IRQ10_ENABLE() ;
    ^~~~~~~~~~~~~~~~~~
    EXTI4_IRQ10_ENABLE
../MCAL_STM32F103C6/EXTI.c:52:2: error: duplicate case value
  case 5 :
  ^~~~
../MCAL_STM32F103C6/EXTI.c:49:2: note: previously used here
  case 5 :
  ^~~~
../MCAL_STM32F103C6/EXTI.c:65:3: warning: implicit declaration of function 'EXTI10_15_IRQ23_ENABLE'; did you mean 'EXTI10_15_IRQ40_ENABLE'? [-Wimplicit-function-declaration]
   EXTI10_15_IRQ23_ENABLE() ;
   ^~~~~~~~~~~~~~~~~~~~~~
   EXTI10_15_IRQ40_ENABLE
make: *** [MCAL_STM32F103C6/subdir.mk:24: MCAL_STM32F103C6/EXTI.o] Error 1
"make -j8 all" terminated with exit code 2. Build might be incomplete.
18:23:31 **** Incremental Build of configuration Debug for project Drivers ****
make -j8 all 
arm-none-eabi-gcc -gdwarf-2 "../MCAL_STM32F103C6/EXTI.c" -mcpu=cortex-m3 -std=gnu11 -g3 -DSTM32 -DSTM32F1 -DSTM32F103C6Tx -DDEBUG -c -I"F:/Learn_in_Depth Course/Diploma_Repo/STM32/STM32/Drivers/HAL/KeyPad_DRIVER/includes" -I"F:/Learn_in_Depth Course/Diploma_Repo/STM32/STM32/Drivers/HAL/LCD_DRIVER/includes" -I"F:/Learn_in_Depth Course/Diploma_Repo/STM32/STM32/Drivers/MCAL_STM32F103C6/includes" -I../Inc -O0 -ffunction-sections -fdata-sections -Wall -fstack-usage -MMD -MP -MF"MCAL_STM32F103C6/EXTI.d" -MT"MCAL_STM32F103C6/EXTI.o" --specs=nano.specs -mfloat-abi=soft -mthumb -o "MCAL_STM32F103C6/EXTI.o"
arm-none-eabi-gcc -gdwarf-2 -o "Drivers.elf" @"objects.list"   -mcpu=cortex-m3 -T"F:\Learn_in_Depth Course\Diploma_Repo\STM32\STM32\Drivers\STM32F103C6TX_FLASH.ld" --specs=nosys.specs -Wl,-Map="Drivers.map" -Wl,--gc-sections -static --specs=nano.specs -mfloat-abi=soft -mthumb -Wl,--start-group -lc -lm -Wl,--end-group
Finished building target: Drivers.elf
 
arm-none-eabi-objdump -h -S  Drivers.elf  > "Drivers.list"
arm-none-eabi-objcopy  -O binary  Drivers.elf  "Drivers.bin"
arm-none-eabi-size   Drivers.elf 
   text	   data	    bss	    dec	    hex	filename
   2592	    240	   1632	   4464	   1170	Drivers.elf
Finished building: default.size.stdout
 
Finished building: Drivers.bin
Finished building: Drivers.list
 
 
18:25:25 **** Incremental Build of configuration Debug for project Drivers ****
make -j8 all 
arm-none-eabi-gcc -gdwarf-2 "../MCAL_STM32F103C6/EXTI.c" -mcpu=cortex-m3 -std=gnu11 -g3 -DSTM32 -DSTM32F1 -DSTM32F103C6Tx -DDEBUG -c -I"F:/Learn_in_Depth Course/Diploma_Repo/STM32/STM32/Drivers/HAL/KeyPad_DRIVER/includes" -I"F:/Learn_in_Depth Course/Diploma_Repo/STM32/STM32/Drivers/HAL/LCD_DRIVER/includes" -I"F:/Learn_in_Depth Course/Diploma_Repo/STM32/STM32/Drivers/MCAL_STM32F103C6/includes" -I../Inc -O0 -ffunction-sections -fdata-sections -Wall -fstack-usage -MMD -MP -MF"MCAL_STM32F103C6/EXTI.d" -MT"MCAL_STM32F103C6/EXTI.o" --specs=nano.specs -mfloat-abi=soft -mthumb -o "MCAL_STM32F103C6/EXTI.o"
../MCAL_STM32F103C6/EXTI.c:69:1: error: unknown type name 'oid'; did you mean 'void'?
 oid NVIC_Disable(uint8_t LineNum)
 ^~~
 void
../MCAL_STM32F103C6/EXTI.c: In function 'MCAL_EXTI_Intit':
../MCAL_STM32F103C6/EXTI.c:198:2: error: expected ';' before '}' token
  }
  ^
../MCAL_STM32F103C6/EXTI.c: In function 'NVIC_Disable':
../MCAL_STM32F103C6/EXTI.c:106:1: warning: control reaches end of non-void function [-Wreturn-type]
 }
 ^
make: *** [MCAL_STM32F103C6/subdir.mk:24: MCAL_STM32F103C6/EXTI.o] Error 1
"make -j8 all" terminated with exit code 2. Build might be incomplete.
18:25:37 **** Incremental Build of configuration Debug for project Drivers ****
make -j8 all 
arm-none-eabi-gcc -gdwarf-2 "../MCAL_STM32F103C6/EXTI.c" -mcpu=cortex-m3 -std=gnu11 -g3 -DSTM32 -DSTM32F1 -DSTM32F103C6Tx -DDEBUG -c -I"F:/Learn_in_Depth Course/Diploma_Repo/STM32/STM32/Drivers/HAL/KeyPad_DRIVER/includes" -I"F:/Learn_in_Depth Course/Diploma_Repo/STM32/STM32/Drivers/HAL/LCD_DRIVER/includes" -I"F:/Learn_in_Depth Course/Diploma_Repo/STM32/STM32/Drivers/MCAL_STM32F103C6/includes" -I../Inc -O0 -ffunction-sections -fdata-sections -Wall -fstack-usage -MMD -MP -MF"MCAL_STM32F103C6/EXTI.d" -MT"MCAL_STM32F103C6/EXTI.o" --specs=nano.specs -mfloat-abi=soft -mthumb -o "MCAL_STM32F103C6/EXTI.o"
../MCAL_STM32F103C6/EXTI.c: In function 'MCAL_EXTI_Intit':
../MCAL_STM32F103C6/EXTI.c:198:2: error: expected ';' before '}' token
  }
  ^
make: *** [MCAL_STM32F103C6/subdir.mk:24: MCAL_STM32F103C6/EXTI.o] Error 1
"make -j8 all" terminated with exit code 2. Build might be incomplete.
18:25:45 **** Incremental Build of configuration Debug for project Drivers ****
make -j8 all 
arm-none-eabi-gcc -gdwarf-2 "../MCAL_STM32F103C6/EXTI.c" -mcpu=cortex-m3 -std=gnu11 -g3 -DSTM32 -DSTM32F1 -DSTM32F103C6Tx -DDEBUG -c -I"F:/Learn_in_Depth Course/Diploma_Repo/STM32/STM32/Drivers/HAL/KeyPad_DRIVER/includes" -I"F:/Learn_in_Depth Course/Diploma_Repo/STM32/STM32/Drivers/HAL/LCD_DRIVER/includes" -I"F:/Learn_in_Depth Course/Diploma_Repo/STM32/STM32/Drivers/MCAL_STM32F103C6/includes" -I../Inc -O0 -ffunction-sections -fdata-sections -Wall -fstack-usage -MMD -MP -MF"MCAL_STM32F103C6/EXTI.d" -MT"MCAL_STM32F103C6/EXTI.o" --specs=nano.specs -mfloat-abi=soft -mthumb -o "MCAL_STM32F103C6/EXTI.o"
arm-none-eabi-gcc -gdwarf-2 -o "Drivers.elf" @"objects.list"   -mcpu=cortex-m3 -T"F:\Learn_in_Depth Course\Diploma_Repo\STM32\STM32\Drivers\STM32F103C6TX_FLASH.ld" --specs=nosys.specs -Wl,-Map="Drivers.map" -Wl,--gc-sections -static --specs=nano.specs -mfloat-abi=soft -mthumb -Wl,--start-group -lc -lm -Wl,--end-group
Finished building target: Drivers.elf
 
arm-none-eabi-objdump -h -S  Drivers.elf  > "Drivers.list"
arm-none-eabi-objcopy  -O binary  Drivers.elf  "Drivers.bin"
arm-none-eabi-size   Drivers.elf 
   text	   data	    bss	    dec	    hex	filename
   2592	    240	   1632	   4464	   1170	Drivers.elf
Finished building: default.size.stdout
 
Finished building: Drivers.bin
Finished building: Drivers.list
 
 
18:32:09 **** Incremental Build of configuration Debug for project Drivers ****
make -j8 all 
arm-none-eabi-gcc -gdwarf-2 "../MCAL_STM32F103C6/EXTI.c" -mcpu=cortex-m3 -std=gnu11 -g3 -DSTM32 -DSTM32F1 -DSTM32F103C6Tx -DDEBUG -c -I"F:/Learn_in_Depth Course/Diploma_Repo/STM32/STM32/Drivers/HAL/KeyPad_DRIVER/includes" -I"F:/Learn_in_Depth Course/Diploma_Repo/STM32/STM32/Drivers/HAL/LCD_DRIVER/includes" -I"F:/Learn_in_Depth Course/Diploma_Repo/STM32/STM32/Drivers/MCAL_STM32F103C6/includes" -I../Inc -O0 -ffunction-sections -fdata-sections -Wall -fstack-usage -MMD -MP -MF"MCAL_STM32F103C6/EXTI.d" -MT"MCAL_STM32F103C6/EXTI.o" --specs=nano.specs -mfloat-abi=soft -mthumb -o "MCAL_STM32F103C6/EXTI.o"
arm-none-eabi-gcc -gdwarf-2 -o "Drivers.elf" @"objects.list"   -mcpu=cortex-m3 -T"F:\Learn_in_Depth Course\Diploma_Repo\STM32\STM32\Drivers\STM32F103C6TX_FLASH.ld" --specs=nosys.specs -Wl,-Map="Drivers.map" -Wl,--gc-sections -static --specs=nano.specs -mfloat-abi=soft -mthumb -Wl,--start-group -lc -lm -Wl,--end-group
Finished building target: Drivers.elf
 
arm-none-eabi-objdump -h -S  Drivers.elf  > "Drivers.list"
arm-none-eabi-objcopy  -O binary  Drivers.elf  "Drivers.bin"
arm-none-eabi-size   Drivers.elf 
   text	   data	    bss	    dec	    hex	filename
   2592	    240	   1632	   4464	   1170	Drivers.elf
Finished building: default.size.stdout
 
Finished building: Drivers.bin
Finished building: Drivers.list
 
 
